Simulator report for ass
Wed Nov 14 00:58:35 2018
Quartus II Version 8.0 Build 215 05/29/2008 SJ Full Version


---------------------
; Table of Contents ;
---------------------
  1. Legal Notice
  2. Simulator Summary
  3. Simulator Settings
  4. Simulation Waveforms
  5. Coverage Summary
  6. Complete 1/0-Value Coverage
  7. Missing 1-Value Coverage
  8. Missing 0-Value Coverage
  9. Simulator INI Usage
 10. Simulator Messages



----------------
; Legal Notice ;
----------------
Copyright (C) 1991-2008 Altera Corporation
Your use of Altera Corporation's design tools, logic functions 
and other software and tools, and its AMPP partner logic 
functions, and any output files from any of the foregoing 
(including device programming or simulation files), and any 
associated documentation or information are expressly subject 
to the terms and conditions of the Altera Program License 
Subscription Agreement, Altera MegaCore Function License 
Agreement, or other applicable license agreement, including, 
without limitation, that your use is for the sole purpose of 
programming logic devices manufactured by Altera and sold by 
Altera or its authorized distributors.  Please refer to the 
applicable agreement for further details.



+-----------------------------------------------+
; Simulator Summary                             ;
+-----------------------------+-----------------+
; Type                        ; Value           ;
+-----------------------------+-----------------+
; Simulation Start Time       ; 0 ps            ;
; Simulation End Time         ; 1.0 us          ;
; Simulation Netlist Size     ; 77 nodes        ;
; Simulation Coverage         ;      34.26 %    ;
; Total Number of Transitions ; 634             ;
; Simulation Breakpoints      ; 0               ;
; Family                      ; FLEX10K         ;
; Device                      ; EPF10K70RC240-4 ;
+-----------------------------+-----------------+


+-------------------------------------------------------------------------------------------------------------------------+
; Simulator Settings                                                                                                      ;
+--------------------------------------------------------------------------------------------+------------+---------------+
; Option                                                                                     ; Setting    ; Default Value ;
+--------------------------------------------------------------------------------------------+------------+---------------+
; Simulation mode                                                                            ; Timing     ; Timing        ;
; Start time                                                                                 ; 0 ns       ; 0 ns          ;
; Simulation results format                                                                  ; CVWF       ;               ;
; Vector input source                                                                        ; assVWF.vwf ;               ;
; Add pins automatically to simulation output waveforms                                      ; On         ; On            ;
; Check outputs                                                                              ; Off        ; Off           ;
; Report simulation coverage                                                                 ; On         ; On            ;
; Display complete 1/0 value coverage report                                                 ; On         ; On            ;
; Display missing 1-value coverage report                                                    ; On         ; On            ;
; Display missing 0-value coverage report                                                    ; On         ; On            ;
; Detect setup and hold time violations                                                      ; Off        ; Off           ;
; Detect glitches                                                                            ; Off        ; Off           ;
; Disable timing delays in Timing Simulation                                                 ; Off        ; Off           ;
; Generate Signal Activity File                                                              ; Off        ; Off           ;
; Generate VCD File for PowerPlay Power Analyzer                                             ; Off        ; Off           ;
; Group bus channels in simulation results                                                   ; Off        ; Off           ;
; Preserve fewer signal transitions to reduce memory requirements                            ; On         ; On            ;
; Trigger vector comparison with the specified mode                                          ; INPUT_EDGE ; INPUT_EDGE    ;
; Disable setup and hold time violations detection in input registers of bi-directional pins ; Off        ; Off           ;
; Overwrite Waveform Inputs With Simulation Outputs                                          ; Off        ;               ;
; Perform Glitch Filtering in Timing Simulation                                              ; Auto       ; Auto          ;
+--------------------------------------------------------------------------------------------+------------+---------------+


+----------------------+
; Simulation Waveforms ;
+----------------------+
Waveform report data cannot be output to ASCII.
Please use Quartus II to view the waveform report data.


+--------------------------------------------------------------------+
; Coverage Summary                                                   ;
+-----------------------------------------------------+--------------+
; Type                                                ; Value        ;
+-----------------------------------------------------+--------------+
; Total coverage as a percentage                      ;      34.26 % ;
; Total nodes checked                                 ; 77           ;
; Total output ports checked                          ; 108          ;
; Total output ports with complete 1/0-value coverage ; 37           ;
; Total output ports with no 1/0-value coverage       ; 41           ;
; Total output ports with no 1-value coverage         ; 43           ;
; Total output ports with no 0-value coverage         ; 69           ;
+-----------------------------------------------------+--------------+


The following table displays output ports that toggle between 1 and 0 during simulation.
+--------------------------------------------------------------------------------------------------------------------------------------------------------------------------------------------------------------------------+
; Complete 1/0-Value Coverage                                                                                                                                                                                              ;
+---------------------------------------------------------------------------------------------------+---------------------------------------------------------------------------------------------------+------------------+
; Node Name                                                                                         ; Output Port Name                                                                                  ; Output Port Type ;
+---------------------------------------------------------------------------------------------------+---------------------------------------------------------------------------------------------------+------------------+
; |ass|stablizer:stb1|counter[4]                                                                    ; |ass|stablizer:stb1|counter[4]                                                                    ; data_out0        ;
; |ass|stablizer:stb1|counter[3]                                                                    ; |ass|stablizer:stb1|counter[3]                                                                    ; data_out0        ;
; |ass|stablizer:stb1|counter[2]                                                                    ; |ass|stablizer:stb1|counter[2]                                                                    ; data_out0        ;
; |ass|stablizer:stb1|counter[0]                                                                    ; |ass|stablizer:stb1|counter[0]                                                                    ; data_out0        ;
; |ass|stablizer:stb1|counter[0]                                                                    ; |ass|stablizer:stb1|lpm_add_sub:Add0|addcore:adder|a_csnbuffer:result_node|cout[0]                ; cout             ;
; |ass|stablizer:stb1|counter[1]                                                                    ; |ass|stablizer:stb1|counter[1]                                                                    ; data_out0        ;
; |ass|stablizer:stb1|LessThan1~83                                                                  ; |ass|stablizer:stb1|LessThan1~83                                                                  ; data_out0        ;
; |ass|stablizer:stb1|counter[5]                                                                    ; |ass|stablizer:stb1|counter[5]                                                                    ; data_out0        ;
; |ass|stablizer:stb1|LessThan0~180                                                                 ; |ass|stablizer:stb1|LessThan0~180                                                                 ; data_out0        ;
; |ass|stablizer:stb1|lpm_add_sub:Add0|addcore:adder|a_csnbuffer:result_node|cs_buffer[4]           ; |ass|stablizer:stb1|lpm_add_sub:Add0|addcore:adder|a_csnbuffer:result_node|cs_buffer[4]           ; data_out0        ;
; |ass|stablizer:stb1|lpm_add_sub:Add0|addcore:adder|a_csnbuffer:result_node|cs_buffer[4]           ; |ass|stablizer:stb1|lpm_add_sub:Add0|addcore:adder|a_csnbuffer:result_node|cout[4]                ; cout             ;
; |ass|stablizer:stb1|lpm_add_sub:Add1|addcore:adder|a_csnbuffer:result_node|cs_buffer[4]           ; |ass|stablizer:stb1|lpm_add_sub:Add1|addcore:adder|a_csnbuffer:result_node|cs_buffer[4]           ; data_out0        ;
; |ass|stablizer:stb1|lpm_add_sub:Add1|addcore:adder|a_csnbuffer:result_node|cs_buffer[4]           ; |ass|stablizer:stb1|lpm_add_sub:Add1|addcore:adder|a_csnbuffer:result_node|cout[4]                ; cout             ;
; |ass|stablizer:stb1|lpm_add_sub:Add0|addcore:adder|a_csnbuffer:result_node|cs_buffer[3]           ; |ass|stablizer:stb1|lpm_add_sub:Add0|addcore:adder|a_csnbuffer:result_node|cs_buffer[3]           ; data_out0        ;
; |ass|stablizer:stb1|lpm_add_sub:Add0|addcore:adder|a_csnbuffer:result_node|cs_buffer[3]           ; |ass|stablizer:stb1|lpm_add_sub:Add0|addcore:adder|a_csnbuffer:result_node|cout[3]                ; cout             ;
; |ass|stablizer:stb1|lpm_add_sub:Add1|addcore:adder|a_csnbuffer:result_node|cs_buffer[3]           ; |ass|stablizer:stb1|lpm_add_sub:Add1|addcore:adder|a_csnbuffer:result_node|cs_buffer[3]           ; data_out0        ;
; |ass|stablizer:stb1|lpm_add_sub:Add1|addcore:adder|a_csnbuffer:result_node|cs_buffer[3]           ; |ass|stablizer:stb1|lpm_add_sub:Add1|addcore:adder|a_csnbuffer:result_node|cout[3]                ; cout             ;
; |ass|stablizer:stb1|lpm_add_sub:Add0|addcore:adder|a_csnbuffer:result_node|cs_buffer[2]           ; |ass|stablizer:stb1|lpm_add_sub:Add0|addcore:adder|a_csnbuffer:result_node|cs_buffer[2]           ; data_out0        ;
; |ass|stablizer:stb1|lpm_add_sub:Add0|addcore:adder|a_csnbuffer:result_node|cs_buffer[2]           ; |ass|stablizer:stb1|lpm_add_sub:Add0|addcore:adder|a_csnbuffer:result_node|cout[2]                ; cout             ;
; |ass|stablizer:stb1|lpm_add_sub:Add1|addcore:adder|a_csnbuffer:result_node|cs_buffer[2]           ; |ass|stablizer:stb1|lpm_add_sub:Add1|addcore:adder|a_csnbuffer:result_node|cs_buffer[2]           ; data_out0        ;
; |ass|stablizer:stb1|lpm_add_sub:Add1|addcore:adder|a_csnbuffer:result_node|cs_buffer[2]           ; |ass|stablizer:stb1|lpm_add_sub:Add1|addcore:adder|a_csnbuffer:result_node|cout[2]                ; cout             ;
; |ass|stablizer:stb1|lpm_add_sub:Add0|addcore:adder|a_csnbuffer:result_node|cs_buffer[1]           ; |ass|stablizer:stb1|lpm_add_sub:Add0|addcore:adder|a_csnbuffer:result_node|cs_buffer[1]           ; data_out0        ;
; |ass|stablizer:stb1|lpm_add_sub:Add0|addcore:adder|a_csnbuffer:result_node|cs_buffer[1]           ; |ass|stablizer:stb1|lpm_add_sub:Add0|addcore:adder|a_csnbuffer:result_node|cout[1]                ; cout             ;
; |ass|stablizer:stb1|lpm_add_sub:Add1|addcore:adder|a_csnbuffer:result_node|cs_buffer[1]           ; |ass|stablizer:stb1|lpm_add_sub:Add1|addcore:adder|a_csnbuffer:result_node|cs_buffer[1]           ; data_out0        ;
; |ass|stablizer:stb1|lpm_add_sub:Add1|addcore:adder|a_csnbuffer:result_node|cs_buffer[1]           ; |ass|stablizer:stb1|lpm_add_sub:Add1|addcore:adder|a_csnbuffer:result_node|cout[1]                ; cout             ;
; |ass|stablizer:stb1|lpm_add_sub:Add0|addcore:adder|a_csnbuffer:result_node|cs_buffer[5]           ; |ass|stablizer:stb1|lpm_add_sub:Add0|addcore:adder|a_csnbuffer:result_node|cs_buffer[5]           ; data_out0        ;
; |ass|stablizer:stb1|lpm_add_sub:Add1|addcore:adder|a_csnbuffer:result_node|cs_buffer[5]           ; |ass|stablizer:stb1|lpm_add_sub:Add1|addcore:adder|a_csnbuffer:result_node|cs_buffer[5]           ; data_out0        ;
; |ass|stablizer:stb1|LessThan0~184                                                                 ; |ass|stablizer:stb1|LessThan0~184                                                                 ; data_out0        ;
; |ass|stablizer:stb1|counter~956                                                                   ; |ass|stablizer:stb1|counter~956                                                                   ; data_out0        ;
; |ass|stablizer:stb1|lpm_add_sub:Add1|addcore:adder|a_csnbuffer:result_node|cs_buffer[0]           ; |ass|stablizer:stb1|lpm_add_sub:Add1|addcore:adder|a_csnbuffer:result_node|cs_buffer[0]           ; data_out0        ;
; |ass|stablizer:stb1|lpm_add_sub:Add1|addcore:adder|a_csnbuffer:result_node|cs_buffer[0]           ; |ass|stablizer:stb1|lpm_add_sub:Add1|addcore:adder|a_csnbuffer:result_node|cout[0]                ; cout             ;
; |ass|stablizer:stb1|lpm_add_sub:Add1|addcore:adder|a_csnbuffer:result_node|cs_buffer[13]          ; |ass|stablizer:stb1|lpm_add_sub:Add1|addcore:adder|a_csnbuffer:result_node|cs_buffer[13]          ; data_out0        ;
; |ass|stablizer:stb1|lpm_add_sub:Add1|addcore:adder|a_csnbuffer:result_node|cs_buffer[11]          ; |ass|stablizer:stb1|lpm_add_sub:Add1|addcore:adder|a_csnbuffer:result_node|cs_buffer[11]          ; data_out0        ;
; |ass|stablizer:stb1|lpm_add_sub:Add1|addcore:adder|a_csnbuffer:result_node|cs_buffer[12]          ; |ass|stablizer:stb1|lpm_add_sub:Add1|addcore:adder|a_csnbuffer:result_node|cs_buffer[12]          ; data_out0        ;
; |ass|pause                                                                                        ; |ass|pause~corein                                                                                 ; dataout          ;
; |ass|clk                                                                                          ; |ass|clk~corein                                                                                   ; dataout          ;
; |ass|stablizer:stb1|lpm_add_sub:Add1|addcore:adder|a_csnbuffer:result_node|cs_buffer[0]~_wirecell ; |ass|stablizer:stb1|lpm_add_sub:Add1|addcore:adder|a_csnbuffer:result_node|cs_buffer[0]~_wirecell ; data_out0        ;
+---------------------------------------------------------------------------------------------------+---------------------------------------------------------------------------------------------------+------------------+


The following table displays output ports that do not toggle to 1 during simulation.
+--------------------------------------------------------------------------------------------------------------------------------------------------------------------------------------------------------+
; Missing 1-Value Coverage                                                                                                                                                                               ;
+------------------------------------------------------------------------------------------+------------------------------------------------------------------------------------------+------------------+
; Node Name                                                                                ; Output Port Name                                                                         ; Output Port Type ;
+------------------------------------------------------------------------------------------+------------------------------------------------------------------------------------------+------------------+
; |ass|stablizer:stb1|counter[6]                                                           ; |ass|stablizer:stb1|counter[6]                                                           ; data_out0        ;
; |ass|stablizer:stb1|counter[7]                                                           ; |ass|stablizer:stb1|counter[7]                                                           ; data_out0        ;
; |ass|stablizer:stb1|counter[8]                                                           ; |ass|stablizer:stb1|counter[8]                                                           ; data_out0        ;
; |ass|stablizer:stb1|lpm_add_sub:Add0|addcore:adder|a_csnbuffer:result_node|cs_buffer[5]  ; |ass|stablizer:stb1|lpm_add_sub:Add0|addcore:adder|a_csnbuffer:result_node|cout[5]       ; cout             ;
; |ass|stablizer:stb1|lpm_add_sub:Add0|addcore:adder|a_csnbuffer:result_node|cs_buffer[6]  ; |ass|stablizer:stb1|lpm_add_sub:Add0|addcore:adder|a_csnbuffer:result_node|cs_buffer[6]  ; data_out0        ;
; |ass|stablizer:stb1|lpm_add_sub:Add0|addcore:adder|a_csnbuffer:result_node|cs_buffer[6]  ; |ass|stablizer:stb1|lpm_add_sub:Add0|addcore:adder|a_csnbuffer:result_node|cout[6]       ; cout             ;
; |ass|stablizer:stb1|lpm_add_sub:Add0|addcore:adder|a_csnbuffer:result_node|cs_buffer[7]  ; |ass|stablizer:stb1|lpm_add_sub:Add0|addcore:adder|a_csnbuffer:result_node|cs_buffer[7]  ; data_out0        ;
; |ass|stablizer:stb1|lpm_add_sub:Add0|addcore:adder|a_csnbuffer:result_node|cs_buffer[7]  ; |ass|stablizer:stb1|lpm_add_sub:Add0|addcore:adder|a_csnbuffer:result_node|cout[7]       ; cout             ;
; |ass|stablizer:stb1|lpm_add_sub:Add0|addcore:adder|a_csnbuffer:result_node|cs_buffer[8]  ; |ass|stablizer:stb1|lpm_add_sub:Add0|addcore:adder|a_csnbuffer:result_node|cs_buffer[8]  ; data_out0        ;
; |ass|stablizer:stb1|lpm_add_sub:Add0|addcore:adder|a_csnbuffer:result_node|cs_buffer[8]  ; |ass|stablizer:stb1|lpm_add_sub:Add0|addcore:adder|a_csnbuffer:result_node|cout[8]       ; cout             ;
; |ass|stablizer:stb1|counter[14]                                                          ; |ass|stablizer:stb1|counter[14]                                                          ; data_out0        ;
; |ass|stablizer:stb1|counter[15]                                                          ; |ass|stablizer:stb1|counter[15]                                                          ; data_out0        ;
; |ass|stablizer:stb1|counter[16]                                                          ; |ass|stablizer:stb1|counter[16]                                                          ; data_out0        ;
; |ass|stablizer:stb1|LessThan0~187                                                        ; |ass|stablizer:stb1|LessThan0~195                                                        ; cascout          ;
; |ass|stablizer:stb1|counter[9]                                                           ; |ass|stablizer:stb1|counter[9]                                                           ; data_out0        ;
; |ass|stablizer:stb1|counter[10]                                                          ; |ass|stablizer:stb1|counter[10]                                                          ; data_out0        ;
; |ass|stablizer:stb1|LessThan0~189                                                        ; |ass|stablizer:stb1|LessThan0~189                                                        ; data_out0        ;
; |ass|stablizer:stb1|lpm_add_sub:Add0|addcore:adder|a_csnbuffer:result_node|cs_buffer[13] ; |ass|stablizer:stb1|lpm_add_sub:Add0|addcore:adder|a_csnbuffer:result_node|cout[13]      ; cout             ;
; |ass|stablizer:stb1|lpm_add_sub:Add0|addcore:adder|a_csnbuffer:result_node|cs_buffer[14] ; |ass|stablizer:stb1|lpm_add_sub:Add0|addcore:adder|a_csnbuffer:result_node|cs_buffer[14] ; data_out0        ;
; |ass|stablizer:stb1|lpm_add_sub:Add0|addcore:adder|a_csnbuffer:result_node|cs_buffer[14] ; |ass|stablizer:stb1|lpm_add_sub:Add0|addcore:adder|a_csnbuffer:result_node|cout[14]      ; cout             ;
; |ass|stablizer:stb1|lpm_add_sub:Add0|addcore:adder|a_csnbuffer:result_node|cs_buffer[15] ; |ass|stablizer:stb1|lpm_add_sub:Add0|addcore:adder|a_csnbuffer:result_node|cs_buffer[15] ; data_out0        ;
; |ass|stablizer:stb1|lpm_add_sub:Add0|addcore:adder|a_csnbuffer:result_node|cs_buffer[15] ; |ass|stablizer:stb1|lpm_add_sub:Add0|addcore:adder|a_csnbuffer:result_node|cout[15]      ; cout             ;
; |ass|stablizer:stb1|lpm_add_sub:Add0|addcore:adder|a_csnbuffer:result_node|cs_buffer[9]  ; |ass|stablizer:stb1|lpm_add_sub:Add0|addcore:adder|a_csnbuffer:result_node|cs_buffer[9]  ; data_out0        ;
; |ass|stablizer:stb1|lpm_add_sub:Add0|addcore:adder|a_csnbuffer:result_node|cs_buffer[9]  ; |ass|stablizer:stb1|lpm_add_sub:Add0|addcore:adder|a_csnbuffer:result_node|cout[9]       ; cout             ;
; |ass|stablizer:stb1|lpm_add_sub:Add0|addcore:adder|a_csnbuffer:result_node|cs_buffer[10] ; |ass|stablizer:stb1|lpm_add_sub:Add0|addcore:adder|a_csnbuffer:result_node|cs_buffer[10] ; data_out0        ;
; |ass|stablizer:stb1|lpm_add_sub:Add0|addcore:adder|a_csnbuffer:result_node|cs_buffer[10] ; |ass|stablizer:stb1|lpm_add_sub:Add0|addcore:adder|a_csnbuffer:result_node|cout[10]      ; cout             ;
; |ass|stablizer:stb1|lpm_add_sub:Add0|addcore:adder|a_csnbuffer:result_node|cs_buffer[11] ; |ass|stablizer:stb1|lpm_add_sub:Add0|addcore:adder|a_csnbuffer:result_node|cout[11]      ; cout             ;
; |ass|stablizer:stb1|lpm_add_sub:Add0|addcore:adder|a_csnbuffer:result_node|cs_buffer[12] ; |ass|stablizer:stb1|lpm_add_sub:Add0|addcore:adder|a_csnbuffer:result_node|cout[12]      ; cout             ;
; |ass|stablizer:stb1|lpm_add_sub:Add0|addcore:adder|unreg_res_node[16]                    ; |ass|stablizer:stb1|lpm_add_sub:Add0|addcore:adder|unreg_res_node[16]                    ; data_out0        ;
; |ass|led_drv[0]                                                                          ; |ass|led_drv[0]                                                                          ; padio            ;
; |ass|led_drv[1]                                                                          ; |ass|led_drv[1]                                                                          ; padio            ;
; |ass|led_drv[2]                                                                          ; |ass|led_drv[2]                                                                          ; padio            ;
; |ass|led_drv[3]                                                                          ; |ass|led_drv[3]                                                                          ; padio            ;
; |ass|led_drv[4]                                                                          ; |ass|led_drv[4]                                                                          ; padio            ;
; |ass|led_drv[5]                                                                          ; |ass|led_drv[5]                                                                          ; padio            ;
; |ass|led_drv[6]                                                                          ; |ass|led_drv[6]                                                                          ; padio            ;
; |ass|led_drv[7]                                                                          ; |ass|led_drv[7]                                                                          ; padio            ;
; |ass|led_drv[8]                                                                          ; |ass|led_drv[8]                                                                          ; padio            ;
; |ass|led_drv[9]                                                                          ; |ass|led_drv[9]                                                                          ; padio            ;
; |ass|led_drv[10]                                                                         ; |ass|led_drv[10]                                                                         ; padio            ;
; |ass|led_drv[11]                                                                         ; |ass|led_drv[11]                                                                         ; padio            ;
; |ass|led_drv[12]                                                                         ; |ass|led_drv[12]                                                                         ; padio            ;
; |ass|led_drv[13]                                                                         ; |ass|led_drv[13]                                                                         ; padio            ;
+------------------------------------------------------------------------------------------+------------------------------------------------------------------------------------------+------------------+


The following table displays output ports that do not toggle to 0 during simulation.
+--------------------------------------------------------------------------------------------------------------------------------------------------------------------------------------------------------+
; Missing 0-Value Coverage                                                                                                                                                                               ;
+------------------------------------------------------------------------------------------+------------------------------------------------------------------------------------------+------------------+
; Node Name                                                                                ; Output Port Name                                                                         ; Output Port Type ;
+------------------------------------------------------------------------------------------+------------------------------------------------------------------------------------------+------------------+
; |ass|stablizer:stb1|counter[6]                                                           ; |ass|stablizer:stb1|counter[6]                                                           ; data_out0        ;
; |ass|stablizer:stb1|counter[7]                                                           ; |ass|stablizer:stb1|counter[7]                                                           ; data_out0        ;
; |ass|stablizer:stb1|counter[8]                                                           ; |ass|stablizer:stb1|counter[8]                                                           ; data_out0        ;
; |ass|stablizer:stb1|LessThan1~85                                                         ; |ass|stablizer:stb1|LessThan1~85                                                         ; data_out0        ;
; |ass|stablizer:stb1|lpm_add_sub:Add0|addcore:adder|a_csnbuffer:result_node|cs_buffer[5]  ; |ass|stablizer:stb1|lpm_add_sub:Add0|addcore:adder|a_csnbuffer:result_node|cout[5]       ; cout             ;
; |ass|stablizer:stb1|lpm_add_sub:Add1|addcore:adder|a_csnbuffer:result_node|cs_buffer[5]  ; |ass|stablizer:stb1|lpm_add_sub:Add1|addcore:adder|a_csnbuffer:result_node|cout[5]       ; cout             ;
; |ass|stablizer:stb1|lpm_add_sub:Add0|addcore:adder|a_csnbuffer:result_node|cs_buffer[6]  ; |ass|stablizer:stb1|lpm_add_sub:Add0|addcore:adder|a_csnbuffer:result_node|cs_buffer[6]  ; data_out0        ;
; |ass|stablizer:stb1|lpm_add_sub:Add0|addcore:adder|a_csnbuffer:result_node|cs_buffer[6]  ; |ass|stablizer:stb1|lpm_add_sub:Add0|addcore:adder|a_csnbuffer:result_node|cout[6]       ; cout             ;
; |ass|stablizer:stb1|lpm_add_sub:Add1|addcore:adder|a_csnbuffer:result_node|cs_buffer[6]  ; |ass|stablizer:stb1|lpm_add_sub:Add1|addcore:adder|a_csnbuffer:result_node|cs_buffer[6]  ; data_out0        ;
; |ass|stablizer:stb1|lpm_add_sub:Add1|addcore:adder|a_csnbuffer:result_node|cs_buffer[6]  ; |ass|stablizer:stb1|lpm_add_sub:Add1|addcore:adder|a_csnbuffer:result_node|cout[6]       ; cout             ;
; |ass|stablizer:stb1|lpm_add_sub:Add0|addcore:adder|a_csnbuffer:result_node|cs_buffer[7]  ; |ass|stablizer:stb1|lpm_add_sub:Add0|addcore:adder|a_csnbuffer:result_node|cs_buffer[7]  ; data_out0        ;
; |ass|stablizer:stb1|lpm_add_sub:Add0|addcore:adder|a_csnbuffer:result_node|cs_buffer[7]  ; |ass|stablizer:stb1|lpm_add_sub:Add0|addcore:adder|a_csnbuffer:result_node|cout[7]       ; cout             ;
; |ass|stablizer:stb1|lpm_add_sub:Add1|addcore:adder|a_csnbuffer:result_node|cs_buffer[7]  ; |ass|stablizer:stb1|lpm_add_sub:Add1|addcore:adder|a_csnbuffer:result_node|cs_buffer[7]  ; data_out0        ;
; |ass|stablizer:stb1|lpm_add_sub:Add1|addcore:adder|a_csnbuffer:result_node|cs_buffer[7]  ; |ass|stablizer:stb1|lpm_add_sub:Add1|addcore:adder|a_csnbuffer:result_node|cout[7]       ; cout             ;
; |ass|stablizer:stb1|lpm_add_sub:Add0|addcore:adder|a_csnbuffer:result_node|cs_buffer[8]  ; |ass|stablizer:stb1|lpm_add_sub:Add0|addcore:adder|a_csnbuffer:result_node|cs_buffer[8]  ; data_out0        ;
; |ass|stablizer:stb1|lpm_add_sub:Add0|addcore:adder|a_csnbuffer:result_node|cs_buffer[8]  ; |ass|stablizer:stb1|lpm_add_sub:Add0|addcore:adder|a_csnbuffer:result_node|cout[8]       ; cout             ;
; |ass|stablizer:stb1|lpm_add_sub:Add1|addcore:adder|a_csnbuffer:result_node|cs_buffer[8]  ; |ass|stablizer:stb1|lpm_add_sub:Add1|addcore:adder|a_csnbuffer:result_node|cs_buffer[8]  ; data_out0        ;
; |ass|stablizer:stb1|lpm_add_sub:Add1|addcore:adder|a_csnbuffer:result_node|cs_buffer[8]  ; |ass|stablizer:stb1|lpm_add_sub:Add1|addcore:adder|a_csnbuffer:result_node|cout[8]       ; cout             ;
; |ass|stablizer:stb1|LessThan0~186                                                        ; |ass|stablizer:stb1|LessThan0~186                                                        ; data_out0        ;
; |ass|stablizer:stb1|counter[13]                                                          ; |ass|stablizer:stb1|counter[13]                                                          ; data_out0        ;
; |ass|stablizer:stb1|counter[14]                                                          ; |ass|stablizer:stb1|counter[14]                                                          ; data_out0        ;
; |ass|stablizer:stb1|counter[15]                                                          ; |ass|stablizer:stb1|counter[15]                                                          ; data_out0        ;
; |ass|stablizer:stb1|counter[16]                                                          ; |ass|stablizer:stb1|counter[16]                                                          ; data_out0        ;
; |ass|stablizer:stb1|counter[9]                                                           ; |ass|stablizer:stb1|counter[9]                                                           ; data_out0        ;
; |ass|stablizer:stb1|counter[10]                                                          ; |ass|stablizer:stb1|counter[10]                                                          ; data_out0        ;
; |ass|stablizer:stb1|counter[11]                                                          ; |ass|stablizer:stb1|counter[11]                                                          ; data_out0        ;
; |ass|stablizer:stb1|counter[12]                                                          ; |ass|stablizer:stb1|counter[12]                                                          ; data_out0        ;
; |ass|stablizer:stb1|lpm_add_sub:Add0|addcore:adder|a_csnbuffer:result_node|cs_buffer[13] ; |ass|stablizer:stb1|lpm_add_sub:Add0|addcore:adder|a_csnbuffer:result_node|cs_buffer[13] ; data_out0        ;
; |ass|stablizer:stb1|lpm_add_sub:Add0|addcore:adder|a_csnbuffer:result_node|cs_buffer[13] ; |ass|stablizer:stb1|lpm_add_sub:Add0|addcore:adder|a_csnbuffer:result_node|cout[13]      ; cout             ;
; |ass|stablizer:stb1|lpm_add_sub:Add1|addcore:adder|a_csnbuffer:result_node|cs_buffer[13] ; |ass|stablizer:stb1|lpm_add_sub:Add1|addcore:adder|a_csnbuffer:result_node|cout[13]      ; cout             ;
; |ass|stablizer:stb1|lpm_add_sub:Add0|addcore:adder|a_csnbuffer:result_node|cs_buffer[14] ; |ass|stablizer:stb1|lpm_add_sub:Add0|addcore:adder|a_csnbuffer:result_node|cs_buffer[14] ; data_out0        ;
; |ass|stablizer:stb1|lpm_add_sub:Add0|addcore:adder|a_csnbuffer:result_node|cs_buffer[14] ; |ass|stablizer:stb1|lpm_add_sub:Add0|addcore:adder|a_csnbuffer:result_node|cout[14]      ; cout             ;
; |ass|stablizer:stb1|lpm_add_sub:Add1|addcore:adder|a_csnbuffer:result_node|cs_buffer[14] ; |ass|stablizer:stb1|lpm_add_sub:Add1|addcore:adder|a_csnbuffer:result_node|cs_buffer[14] ; data_out0        ;
; |ass|stablizer:stb1|lpm_add_sub:Add1|addcore:adder|a_csnbuffer:result_node|cs_buffer[14] ; |ass|stablizer:stb1|lpm_add_sub:Add1|addcore:adder|a_csnbuffer:result_node|cout[14]      ; cout             ;
; |ass|stablizer:stb1|lpm_add_sub:Add0|addcore:adder|a_csnbuffer:result_node|cs_buffer[15] ; |ass|stablizer:stb1|lpm_add_sub:Add0|addcore:adder|a_csnbuffer:result_node|cs_buffer[15] ; data_out0        ;
; |ass|stablizer:stb1|lpm_add_sub:Add0|addcore:adder|a_csnbuffer:result_node|cs_buffer[15] ; |ass|stablizer:stb1|lpm_add_sub:Add0|addcore:adder|a_csnbuffer:result_node|cout[15]      ; cout             ;
; |ass|stablizer:stb1|lpm_add_sub:Add1|addcore:adder|a_csnbuffer:result_node|cs_buffer[15] ; |ass|stablizer:stb1|lpm_add_sub:Add1|addcore:adder|a_csnbuffer:result_node|cs_buffer[15] ; data_out0        ;
; |ass|stablizer:stb1|lpm_add_sub:Add1|addcore:adder|a_csnbuffer:result_node|cs_buffer[15] ; |ass|stablizer:stb1|lpm_add_sub:Add1|addcore:adder|a_csnbuffer:result_node|cout[15]      ; cout             ;
; |ass|stablizer:stb1|lpm_add_sub:Add0|addcore:adder|a_csnbuffer:result_node|cs_buffer[9]  ; |ass|stablizer:stb1|lpm_add_sub:Add0|addcore:adder|a_csnbuffer:result_node|cs_buffer[9]  ; data_out0        ;
; |ass|stablizer:stb1|lpm_add_sub:Add0|addcore:adder|a_csnbuffer:result_node|cs_buffer[9]  ; |ass|stablizer:stb1|lpm_add_sub:Add0|addcore:adder|a_csnbuffer:result_node|cout[9]       ; cout             ;
; |ass|stablizer:stb1|lpm_add_sub:Add1|addcore:adder|a_csnbuffer:result_node|cs_buffer[9]  ; |ass|stablizer:stb1|lpm_add_sub:Add1|addcore:adder|a_csnbuffer:result_node|cs_buffer[9]  ; data_out0        ;
; |ass|stablizer:stb1|lpm_add_sub:Add1|addcore:adder|a_csnbuffer:result_node|cs_buffer[9]  ; |ass|stablizer:stb1|lpm_add_sub:Add1|addcore:adder|a_csnbuffer:result_node|cout[9]       ; cout             ;
; |ass|stablizer:stb1|lpm_add_sub:Add0|addcore:adder|a_csnbuffer:result_node|cs_buffer[10] ; |ass|stablizer:stb1|lpm_add_sub:Add0|addcore:adder|a_csnbuffer:result_node|cs_buffer[10] ; data_out0        ;
; |ass|stablizer:stb1|lpm_add_sub:Add0|addcore:adder|a_csnbuffer:result_node|cs_buffer[10] ; |ass|stablizer:stb1|lpm_add_sub:Add0|addcore:adder|a_csnbuffer:result_node|cout[10]      ; cout             ;
; |ass|stablizer:stb1|lpm_add_sub:Add1|addcore:adder|a_csnbuffer:result_node|cs_buffer[10] ; |ass|stablizer:stb1|lpm_add_sub:Add1|addcore:adder|a_csnbuffer:result_node|cs_buffer[10] ; data_out0        ;
; |ass|stablizer:stb1|lpm_add_sub:Add1|addcore:adder|a_csnbuffer:result_node|cs_buffer[10] ; |ass|stablizer:stb1|lpm_add_sub:Add1|addcore:adder|a_csnbuffer:result_node|cout[10]      ; cout             ;
; |ass|stablizer:stb1|lpm_add_sub:Add0|addcore:adder|a_csnbuffer:result_node|cs_buffer[11] ; |ass|stablizer:stb1|lpm_add_sub:Add0|addcore:adder|a_csnbuffer:result_node|cs_buffer[11] ; data_out0        ;
; |ass|stablizer:stb1|lpm_add_sub:Add0|addcore:adder|a_csnbuffer:result_node|cs_buffer[11] ; |ass|stablizer:stb1|lpm_add_sub:Add0|addcore:adder|a_csnbuffer:result_node|cout[11]      ; cout             ;
; |ass|stablizer:stb1|lpm_add_sub:Add1|addcore:adder|a_csnbuffer:result_node|cs_buffer[11] ; |ass|stablizer:stb1|lpm_add_sub:Add1|addcore:adder|a_csnbuffer:result_node|cout[11]      ; cout             ;
; |ass|stablizer:stb1|lpm_add_sub:Add0|addcore:adder|a_csnbuffer:result_node|cs_buffer[12] ; |ass|stablizer:stb1|lpm_add_sub:Add0|addcore:adder|a_csnbuffer:result_node|cs_buffer[12] ; data_out0        ;
; |ass|stablizer:stb1|lpm_add_sub:Add0|addcore:adder|a_csnbuffer:result_node|cs_buffer[12] ; |ass|stablizer:stb1|lpm_add_sub:Add0|addcore:adder|a_csnbuffer:result_node|cout[12]      ; cout             ;
; |ass|stablizer:stb1|lpm_add_sub:Add1|addcore:adder|a_csnbuffer:result_node|cs_buffer[12] ; |ass|stablizer:stb1|lpm_add_sub:Add1|addcore:adder|a_csnbuffer:result_node|cout[12]      ; cout             ;
; |ass|stablizer:stb1|lpm_add_sub:Add0|addcore:adder|unreg_res_node[16]                    ; |ass|stablizer:stb1|lpm_add_sub:Add0|addcore:adder|unreg_res_node[16]                    ; data_out0        ;
; |ass|stablizer:stb1|lpm_add_sub:Add1|addcore:adder|unreg_res_node[16]                    ; |ass|stablizer:stb1|lpm_add_sub:Add1|addcore:adder|unreg_res_node[16]                    ; data_out0        ;
; |ass|led_drv[0]                                                                          ; |ass|led_drv[0]                                                                          ; padio            ;
; |ass|led_drv[1]                                                                          ; |ass|led_drv[1]                                                                          ; padio            ;
; |ass|led_drv[2]                                                                          ; |ass|led_drv[2]                                                                          ; padio            ;
; |ass|led_drv[3]                                                                          ; |ass|led_drv[3]                                                                          ; padio            ;
; |ass|led_drv[4]                                                                          ; |ass|led_drv[4]                                                                          ; padio            ;
; |ass|led_drv[5]                                                                          ; |ass|led_drv[5]                                                                          ; padio            ;
; |ass|led_drv[6]                                                                          ; |ass|led_drv[6]                                                                          ; padio            ;
; |ass|led_drv[7]                                                                          ; |ass|led_drv[7]                                                                          ; padio            ;
; |ass|led_drv[8]                                                                          ; |ass|led_drv[8]                                                                          ; padio            ;
; |ass|led_drv[9]                                                                          ; |ass|led_drv[9]                                                                          ; padio            ;
; |ass|led_drv[10]                                                                         ; |ass|led_drv[10]                                                                         ; padio            ;
; |ass|led_drv[11]                                                                         ; |ass|led_drv[11]                                                                         ; padio            ;
; |ass|led_drv[12]                                                                         ; |ass|led_drv[12]                                                                         ; padio            ;
; |ass|led_drv[13]                                                                         ; |ass|led_drv[13]                                                                         ; padio            ;
; |ass|pause_sta                                                                           ; |ass|pause_sta                                                                           ; padio            ;
+------------------------------------------------------------------------------------------+------------------------------------------------------------------------------------------+------------------+


+---------------------+
; Simulator INI Usage ;
+--------+------------+
; Option ; Usage      ;
+--------+------------+


+--------------------+
; Simulator Messages ;
+--------------------+
Info: *******************************************************************
Info: Running Quartus II Simulator
    Info: Version 8.0 Build 215 05/29/2008 SJ Full Version
    Info: Processing started: Wed Nov 14 00:58:35 2018
Info: Command: quartus_sim --read_settings_files=on --write_settings_files=off ass -c ass
Info: Using vector source file "D:/WorkSpace/Quartus8/ASS6/assVWF.vwf"
Warning: Can't find signal in vector source file for input pin "|ass|clear"
Info: Option to preserve fewer signal transitions to reduce memory requirements is enabled
    Info: Simulation has been partitioned into sub-simulations according to the maximum transition count determined by the engine. Transitions from memory will be flushed out to disk at the end of each sub-simulation to reduce memory requirements.
Info: Simulation partitioned into 1 sub-simulations
Info: Simulation coverage is      34.26 %
Info: Number of transitions in simulation is 634
Info: Quartus II Simulator was successful. 0 errors, 1 warning
    Info: Peak virtual memory: 177 megabytes
    Info: Processing ended: Wed Nov 14 00:58:35 2018
    Info: Elapsed time: 00:00:00
    Info: Total CPU time (on all processors): 00:00:00


