Classic Timing Analyzer report for ass
Wed Nov 14 00:58:30 2018
Quartus II Version 8.0 Build 215 05/29/2008 SJ Full Version


---------------------
; Table of Contents ;
---------------------
  1. Legal Notice
  2. Timing Analyzer Summary
  3. Timing Analyzer Settings
  4. Clock Settings Summary
  5. Clock Setup: 'clk'
  6. tsu
  7. tco
  8. th
  9. Timing Analyzer Messages



----------------
; Legal Notice ;
----------------
Copyright (C) 1991-2008 Altera Corporation
Your use of Altera Corporation's design tools, logic functions 
and other software and tools, and its AMPP partner logic 
functions, and any output files from any of the foregoing 
(including device programming or simulation files), and any 
associated documentation or information are expressly subject 
to the terms and conditions of the Altera Program License 
Subscription Agreement, Altera MegaCore Function License 
Agreement, or other applicable license agreement, including, 
without limitation, that your use is for the sole purpose of 
programming logic devices manufactured by Altera and sold by 
Altera or its authorized distributors.  Please refer to the 
applicable agreement for further details.



+-----------------------------------------------------------------------------------------------------------------------------------------------------------------------------------------+
; Timing Analyzer Summary                                                                                                                                                                 ;
+------------------------------+-------+---------------+----------------------------------+---------------------------+----------------------------+------------+----------+--------------+
; Type                         ; Slack ; Required Time ; Actual Time                      ; From                      ; To                         ; From Clock ; To Clock ; Failed Paths ;
+------------------------------+-------+---------------+----------------------------------+---------------------------+----------------------------+------------+----------+--------------+
; Worst-case tsu               ; N/A   ; None          ; 12.100 ns                        ; pause                     ; stablizer:stb1|counter[13] ; --         ; clk      ; 0            ;
; Worst-case tco               ; N/A   ; None          ; 27.800 ns                        ; stablizer:stb1|counter[2] ; pause_sta                  ; clk        ; --       ; 0            ;
; Worst-case th                ; N/A   ; None          ; -1.200 ns                        ; pause                     ; stablizer:stb1|counter[1]  ; --         ; clk      ; 0            ;
; Clock Setup: 'clk'           ; N/A   ; None          ; 40.82 MHz ( period = 24.500 ns ) ; stablizer:stb1|counter[0] ; stablizer:stb1|counter[13] ; clk        ; clk      ; 0            ;
; Total number of failed paths ;       ;               ;                                  ;                           ;                            ;            ;          ; 0            ;
+------------------------------+-------+---------------+----------------------------------+---------------------------+----------------------------+------------+----------+--------------+


+--------------------------------------------------------------------------------------------------------------------+
; Timing Analyzer Settings                                                                                           ;
+---------------------------------------------------------------------+--------------------+------+----+-------------+
; Option                                                              ; Setting            ; From ; To ; Entity Name ;
+---------------------------------------------------------------------+--------------------+------+----+-------------+
; Device Name                                                         ; EPF10K70RC240-4    ;      ;    ;             ;
; Timing Models                                                       ; Final              ;      ;    ;             ;
; Default hold multicycle                                             ; Same as Multicycle ;      ;    ;             ;
; Cut paths between unrelated clock domains                           ; On                 ;      ;    ;             ;
; Cut off read during write signal paths                              ; On                 ;      ;    ;             ;
; Cut off feedback from I/O pins                                      ; On                 ;      ;    ;             ;
; Report Combined Fast/Slow Timing                                    ; Off                ;      ;    ;             ;
; Ignore Clock Settings                                               ; Off                ;      ;    ;             ;
; Analyze latches as synchronous elements                             ; On                 ;      ;    ;             ;
; Enable Recovery/Removal analysis                                    ; Off                ;      ;    ;             ;
; Enable Clock Latency                                                ; Off                ;      ;    ;             ;
; Use TimeQuest Timing Analyzer                                       ; Off                ;      ;    ;             ;
; Minimum Core Junction Temperature                                   ; 0                  ;      ;    ;             ;
; Maximum Core Junction Temperature                                   ; 85                 ;      ;    ;             ;
; Number of source nodes to report per destination node               ; 10                 ;      ;    ;             ;
; Number of destination nodes to report                               ; 10                 ;      ;    ;             ;
; Number of paths to report                                           ; 200                ;      ;    ;             ;
; Report Minimum Timing Checks                                        ; Off                ;      ;    ;             ;
; Use Fast Timing Models                                              ; Off                ;      ;    ;             ;
; Report IO Paths Separately                                          ; Off                ;      ;    ;             ;
; Perform Multicorner Analysis                                        ; Off                ;      ;    ;             ;
; Reports the worst-case path for each clock domain and analysis      ; Off                ;      ;    ;             ;
; Removes common clock path pessimism (CCPP) during slack computation ; Off                ;      ;    ;             ;
+---------------------------------------------------------------------+--------------------+------+----+-------------+


+------------------------------------------------------------------------------------------------------------------------------------------------------------------------------------+
; Clock Settings Summary                                                                                                                                                             ;
+-----------------+--------------------+----------+------------------+---------------+--------------+----------+-----------------------+---------------------+--------+--------------+
; Clock Node Name ; Clock Setting Name ; Type     ; Fmax Requirement ; Early Latency ; Late Latency ; Based on ; Multiply Base Fmax by ; Divide Base Fmax by ; Offset ; Phase offset ;
+-----------------+--------------------+----------+------------------+---------------+--------------+----------+-----------------------+---------------------+--------+--------------+
; clk             ;                    ; User Pin ; None             ; 0.000 ns      ; 0.000 ns     ; --       ; N/A                   ; N/A                 ; N/A    ;              ;
+-----------------+--------------------+----------+------------------+---------------+--------------+----------+-----------------------+---------------------+--------+--------------+


+---------------------------------------------------------------------------------------------------------------------------------------------------------------------------------------------------------------------------------------------------------------------+
; Clock Setup: 'clk'                                                                                                                                                                                                                                                  ;
+-----------------------------------------+-----------------------------------------------------+----------------------------+----------------------------+------------+----------+-----------------------------+---------------------------+-------------------------+
; Slack                                   ; Actual fmax (period)                                ; From                       ; To                         ; From Clock ; To Clock ; Required Setup Relationship ; Required Longest P2P Time ; Actual Longest P2P Time ;
+-----------------------------------------+-----------------------------------------------------+----------------------------+----------------------------+------------+----------+-----------------------------+---------------------------+-------------------------+
; N/A                                     ; 40.82 MHz ( period = 24.500 ns )                    ; stablizer:stb1|counter[0]  ; stablizer:stb1|counter[4]  ; clk        ; clk      ; None                        ; None                      ; 20.500 ns               ;
; N/A                                     ; 40.82 MHz ( period = 24.500 ns )                    ; stablizer:stb1|counter[0]  ; stablizer:stb1|counter[3]  ; clk        ; clk      ; None                        ; None                      ; 20.500 ns               ;
; N/A                                     ; 40.82 MHz ( period = 24.500 ns )                    ; stablizer:stb1|counter[0]  ; stablizer:stb1|counter[0]  ; clk        ; clk      ; None                        ; None                      ; 20.500 ns               ;
; N/A                                     ; 40.82 MHz ( period = 24.500 ns )                    ; stablizer:stb1|counter[0]  ; stablizer:stb1|counter[11] ; clk        ; clk      ; None                        ; None                      ; 20.500 ns               ;
; N/A                                     ; 40.82 MHz ( period = 24.500 ns )                    ; stablizer:stb1|counter[0]  ; stablizer:stb1|counter[12] ; clk        ; clk      ; None                        ; None                      ; 20.500 ns               ;
; N/A                                     ; 40.82 MHz ( period = 24.500 ns )                    ; stablizer:stb1|counter[0]  ; stablizer:stb1|counter[13] ; clk        ; clk      ; None                        ; None                      ; 20.500 ns               ;
; N/A                                     ; 41.15 MHz ( period = 24.300 ns )                    ; stablizer:stb1|counter[0]  ; stablizer:stb1|counter[2]  ; clk        ; clk      ; None                        ; None                      ; 20.300 ns               ;
; N/A                                     ; 41.15 MHz ( period = 24.300 ns )                    ; stablizer:stb1|counter[0]  ; stablizer:stb1|counter[1]  ; clk        ; clk      ; None                        ; None                      ; 20.300 ns               ;
; N/A                                     ; 41.32 MHz ( period = 24.200 ns )                    ; stablizer:stb1|counter[3]  ; stablizer:stb1|counter[4]  ; clk        ; clk      ; None                        ; None                      ; 20.200 ns               ;
; N/A                                     ; 41.32 MHz ( period = 24.200 ns )                    ; stablizer:stb1|counter[3]  ; stablizer:stb1|counter[3]  ; clk        ; clk      ; None                        ; None                      ; 20.200 ns               ;
; N/A                                     ; 41.32 MHz ( period = 24.200 ns )                    ; stablizer:stb1|counter[3]  ; stablizer:stb1|counter[0]  ; clk        ; clk      ; None                        ; None                      ; 20.200 ns               ;
; N/A                                     ; 41.32 MHz ( period = 24.200 ns )                    ; stablizer:stb1|counter[3]  ; stablizer:stb1|counter[11] ; clk        ; clk      ; None                        ; None                      ; 20.200 ns               ;
; N/A                                     ; 41.32 MHz ( period = 24.200 ns )                    ; stablizer:stb1|counter[3]  ; stablizer:stb1|counter[12] ; clk        ; clk      ; None                        ; None                      ; 20.200 ns               ;
; N/A                                     ; 41.32 MHz ( period = 24.200 ns )                    ; stablizer:stb1|counter[3]  ; stablizer:stb1|counter[13] ; clk        ; clk      ; None                        ; None                      ; 20.200 ns               ;
; N/A                                     ; 41.67 MHz ( period = 24.000 ns )                    ; stablizer:stb1|counter[3]  ; stablizer:stb1|counter[2]  ; clk        ; clk      ; None                        ; None                      ; 20.000 ns               ;
; N/A                                     ; 41.67 MHz ( period = 24.000 ns )                    ; stablizer:stb1|counter[3]  ; stablizer:stb1|counter[1]  ; clk        ; clk      ; None                        ; None                      ; 20.000 ns               ;
; N/A                                     ; 41.84 MHz ( period = 23.900 ns )                    ; stablizer:stb1|counter[14] ; stablizer:stb1|counter[4]  ; clk        ; clk      ; None                        ; None                      ; 19.900 ns               ;
; N/A                                     ; 41.84 MHz ( period = 23.900 ns )                    ; stablizer:stb1|counter[15] ; stablizer:stb1|counter[4]  ; clk        ; clk      ; None                        ; None                      ; 19.900 ns               ;
; N/A                                     ; 41.84 MHz ( period = 23.900 ns )                    ; stablizer:stb1|counter[14] ; stablizer:stb1|counter[3]  ; clk        ; clk      ; None                        ; None                      ; 19.900 ns               ;
; N/A                                     ; 41.84 MHz ( period = 23.900 ns )                    ; stablizer:stb1|counter[15] ; stablizer:stb1|counter[3]  ; clk        ; clk      ; None                        ; None                      ; 19.900 ns               ;
; N/A                                     ; 41.84 MHz ( period = 23.900 ns )                    ; stablizer:stb1|counter[14] ; stablizer:stb1|counter[0]  ; clk        ; clk      ; None                        ; None                      ; 19.900 ns               ;
; N/A                                     ; 41.84 MHz ( period = 23.900 ns )                    ; stablizer:stb1|counter[15] ; stablizer:stb1|counter[0]  ; clk        ; clk      ; None                        ; None                      ; 19.900 ns               ;
; N/A                                     ; 41.84 MHz ( period = 23.900 ns )                    ; stablizer:stb1|counter[14] ; stablizer:stb1|counter[11] ; clk        ; clk      ; None                        ; None                      ; 19.900 ns               ;
; N/A                                     ; 41.84 MHz ( period = 23.900 ns )                    ; stablizer:stb1|counter[15] ; stablizer:stb1|counter[11] ; clk        ; clk      ; None                        ; None                      ; 19.900 ns               ;
; N/A                                     ; 41.84 MHz ( period = 23.900 ns )                    ; stablizer:stb1|counter[14] ; stablizer:stb1|counter[12] ; clk        ; clk      ; None                        ; None                      ; 19.900 ns               ;
; N/A                                     ; 41.84 MHz ( period = 23.900 ns )                    ; stablizer:stb1|counter[15] ; stablizer:stb1|counter[12] ; clk        ; clk      ; None                        ; None                      ; 19.900 ns               ;
; N/A                                     ; 41.84 MHz ( period = 23.900 ns )                    ; stablizer:stb1|counter[14] ; stablizer:stb1|counter[13] ; clk        ; clk      ; None                        ; None                      ; 19.900 ns               ;
; N/A                                     ; 41.84 MHz ( period = 23.900 ns )                    ; stablizer:stb1|counter[15] ; stablizer:stb1|counter[13] ; clk        ; clk      ; None                        ; None                      ; 19.900 ns               ;
; N/A                                     ; 42.02 MHz ( period = 23.800 ns )                    ; stablizer:stb1|counter[13] ; stablizer:stb1|counter[4]  ; clk        ; clk      ; None                        ; None                      ; 19.800 ns               ;
; N/A                                     ; 42.02 MHz ( period = 23.800 ns )                    ; stablizer:stb1|counter[13] ; stablizer:stb1|counter[3]  ; clk        ; clk      ; None                        ; None                      ; 19.800 ns               ;
; N/A                                     ; 42.02 MHz ( period = 23.800 ns )                    ; stablizer:stb1|counter[13] ; stablizer:stb1|counter[0]  ; clk        ; clk      ; None                        ; None                      ; 19.800 ns               ;
; N/A                                     ; 42.02 MHz ( period = 23.800 ns )                    ; stablizer:stb1|counter[13] ; stablizer:stb1|counter[11] ; clk        ; clk      ; None                        ; None                      ; 19.800 ns               ;
; N/A                                     ; 42.02 MHz ( period = 23.800 ns )                    ; stablizer:stb1|counter[13] ; stablizer:stb1|counter[12] ; clk        ; clk      ; None                        ; None                      ; 19.800 ns               ;
; N/A                                     ; 42.02 MHz ( period = 23.800 ns )                    ; stablizer:stb1|counter[13] ; stablizer:stb1|counter[13] ; clk        ; clk      ; None                        ; None                      ; 19.800 ns               ;
; N/A                                     ; 42.19 MHz ( period = 23.700 ns )                    ; stablizer:stb1|counter[14] ; stablizer:stb1|counter[2]  ; clk        ; clk      ; None                        ; None                      ; 19.700 ns               ;
; N/A                                     ; 42.19 MHz ( period = 23.700 ns )                    ; stablizer:stb1|counter[15] ; stablizer:stb1|counter[2]  ; clk        ; clk      ; None                        ; None                      ; 19.700 ns               ;
; N/A                                     ; 42.19 MHz ( period = 23.700 ns )                    ; stablizer:stb1|counter[14] ; stablizer:stb1|counter[1]  ; clk        ; clk      ; None                        ; None                      ; 19.700 ns               ;
; N/A                                     ; 42.19 MHz ( period = 23.700 ns )                    ; stablizer:stb1|counter[15] ; stablizer:stb1|counter[1]  ; clk        ; clk      ; None                        ; None                      ; 19.700 ns               ;
; N/A                                     ; 42.37 MHz ( period = 23.600 ns )                    ; stablizer:stb1|counter[16] ; stablizer:stb1|counter[4]  ; clk        ; clk      ; None                        ; None                      ; 19.600 ns               ;
; N/A                                     ; 42.37 MHz ( period = 23.600 ns )                    ; stablizer:stb1|counter[16] ; stablizer:stb1|counter[3]  ; clk        ; clk      ; None                        ; None                      ; 19.600 ns               ;
; N/A                                     ; 42.37 MHz ( period = 23.600 ns )                    ; stablizer:stb1|counter[13] ; stablizer:stb1|counter[2]  ; clk        ; clk      ; None                        ; None                      ; 19.600 ns               ;
; N/A                                     ; 42.37 MHz ( period = 23.600 ns )                    ; stablizer:stb1|counter[16] ; stablizer:stb1|counter[0]  ; clk        ; clk      ; None                        ; None                      ; 19.600 ns               ;
; N/A                                     ; 42.37 MHz ( period = 23.600 ns )                    ; stablizer:stb1|counter[13] ; stablizer:stb1|counter[1]  ; clk        ; clk      ; None                        ; None                      ; 19.600 ns               ;
; N/A                                     ; 42.37 MHz ( period = 23.600 ns )                    ; stablizer:stb1|counter[16] ; stablizer:stb1|counter[11] ; clk        ; clk      ; None                        ; None                      ; 19.600 ns               ;
; N/A                                     ; 42.37 MHz ( period = 23.600 ns )                    ; stablizer:stb1|counter[16] ; stablizer:stb1|counter[12] ; clk        ; clk      ; None                        ; None                      ; 19.600 ns               ;
; N/A                                     ; 42.37 MHz ( period = 23.600 ns )                    ; stablizer:stb1|counter[16] ; stablizer:stb1|counter[13] ; clk        ; clk      ; None                        ; None                      ; 19.600 ns               ;
; N/A                                     ; 42.74 MHz ( period = 23.400 ns )                    ; stablizer:stb1|counter[16] ; stablizer:stb1|counter[2]  ; clk        ; clk      ; None                        ; None                      ; 19.400 ns               ;
; N/A                                     ; 42.74 MHz ( period = 23.400 ns )                    ; stablizer:stb1|counter[16] ; stablizer:stb1|counter[1]  ; clk        ; clk      ; None                        ; None                      ; 19.400 ns               ;
; N/A                                     ; 44.25 MHz ( period = 22.600 ns )                    ; stablizer:stb1|counter[11] ; stablizer:stb1|counter[4]  ; clk        ; clk      ; None                        ; None                      ; 18.600 ns               ;
; N/A                                     ; 44.25 MHz ( period = 22.600 ns )                    ; stablizer:stb1|counter[11] ; stablizer:stb1|counter[3]  ; clk        ; clk      ; None                        ; None                      ; 18.600 ns               ;
; N/A                                     ; 44.25 MHz ( period = 22.600 ns )                    ; stablizer:stb1|counter[11] ; stablizer:stb1|counter[0]  ; clk        ; clk      ; None                        ; None                      ; 18.600 ns               ;
; N/A                                     ; 44.25 MHz ( period = 22.600 ns )                    ; stablizer:stb1|counter[11] ; stablizer:stb1|counter[11] ; clk        ; clk      ; None                        ; None                      ; 18.600 ns               ;
; N/A                                     ; 44.25 MHz ( period = 22.600 ns )                    ; stablizer:stb1|counter[11] ; stablizer:stb1|counter[12] ; clk        ; clk      ; None                        ; None                      ; 18.600 ns               ;
; N/A                                     ; 44.25 MHz ( period = 22.600 ns )                    ; stablizer:stb1|counter[11] ; stablizer:stb1|counter[13] ; clk        ; clk      ; None                        ; None                      ; 18.600 ns               ;
; N/A                                     ; 44.44 MHz ( period = 22.500 ns )                    ; stablizer:stb1|counter[9]  ; stablizer:stb1|counter[4]  ; clk        ; clk      ; None                        ; None                      ; 18.500 ns               ;
; N/A                                     ; 44.44 MHz ( period = 22.500 ns )                    ; stablizer:stb1|counter[10] ; stablizer:stb1|counter[4]  ; clk        ; clk      ; None                        ; None                      ; 18.500 ns               ;
; N/A                                     ; 44.44 MHz ( period = 22.500 ns )                    ; stablizer:stb1|counter[9]  ; stablizer:stb1|counter[3]  ; clk        ; clk      ; None                        ; None                      ; 18.500 ns               ;
; N/A                                     ; 44.44 MHz ( period = 22.500 ns )                    ; stablizer:stb1|counter[10] ; stablizer:stb1|counter[3]  ; clk        ; clk      ; None                        ; None                      ; 18.500 ns               ;
; N/A                                     ; 44.44 MHz ( period = 22.500 ns )                    ; stablizer:stb1|counter[9]  ; stablizer:stb1|counter[0]  ; clk        ; clk      ; None                        ; None                      ; 18.500 ns               ;
; N/A                                     ; 44.44 MHz ( period = 22.500 ns )                    ; stablizer:stb1|counter[10] ; stablizer:stb1|counter[0]  ; clk        ; clk      ; None                        ; None                      ; 18.500 ns               ;
; N/A                                     ; 44.44 MHz ( period = 22.500 ns )                    ; stablizer:stb1|counter[9]  ; stablizer:stb1|counter[11] ; clk        ; clk      ; None                        ; None                      ; 18.500 ns               ;
; N/A                                     ; 44.44 MHz ( period = 22.500 ns )                    ; stablizer:stb1|counter[10] ; stablizer:stb1|counter[11] ; clk        ; clk      ; None                        ; None                      ; 18.500 ns               ;
; N/A                                     ; 44.44 MHz ( period = 22.500 ns )                    ; stablizer:stb1|counter[9]  ; stablizer:stb1|counter[12] ; clk        ; clk      ; None                        ; None                      ; 18.500 ns               ;
; N/A                                     ; 44.44 MHz ( period = 22.500 ns )                    ; stablizer:stb1|counter[10] ; stablizer:stb1|counter[12] ; clk        ; clk      ; None                        ; None                      ; 18.500 ns               ;
; N/A                                     ; 44.44 MHz ( period = 22.500 ns )                    ; stablizer:stb1|counter[9]  ; stablizer:stb1|counter[13] ; clk        ; clk      ; None                        ; None                      ; 18.500 ns               ;
; N/A                                     ; 44.44 MHz ( period = 22.500 ns )                    ; stablizer:stb1|counter[10] ; stablizer:stb1|counter[13] ; clk        ; clk      ; None                        ; None                      ; 18.500 ns               ;
; N/A                                     ; 44.64 MHz ( period = 22.400 ns )                    ; stablizer:stb1|counter[11] ; stablizer:stb1|counter[2]  ; clk        ; clk      ; None                        ; None                      ; 18.400 ns               ;
; N/A                                     ; 44.64 MHz ( period = 22.400 ns )                    ; stablizer:stb1|counter[11] ; stablizer:stb1|counter[1]  ; clk        ; clk      ; None                        ; None                      ; 18.400 ns               ;
; N/A                                     ; 44.84 MHz ( period = 22.300 ns )                    ; stablizer:stb1|counter[2]  ; stablizer:stb1|counter[4]  ; clk        ; clk      ; None                        ; None                      ; 18.300 ns               ;
; N/A                                     ; 44.84 MHz ( period = 22.300 ns )                    ; stablizer:stb1|counter[1]  ; stablizer:stb1|counter[4]  ; clk        ; clk      ; None                        ; None                      ; 18.300 ns               ;
; N/A                                     ; 44.84 MHz ( period = 22.300 ns )                    ; stablizer:stb1|counter[2]  ; stablizer:stb1|counter[3]  ; clk        ; clk      ; None                        ; None                      ; 18.300 ns               ;
; N/A                                     ; 44.84 MHz ( period = 22.300 ns )                    ; stablizer:stb1|counter[1]  ; stablizer:stb1|counter[3]  ; clk        ; clk      ; None                        ; None                      ; 18.300 ns               ;
; N/A                                     ; 44.84 MHz ( period = 22.300 ns )                    ; stablizer:stb1|counter[9]  ; stablizer:stb1|counter[2]  ; clk        ; clk      ; None                        ; None                      ; 18.300 ns               ;
; N/A                                     ; 44.84 MHz ( period = 22.300 ns )                    ; stablizer:stb1|counter[10] ; stablizer:stb1|counter[2]  ; clk        ; clk      ; None                        ; None                      ; 18.300 ns               ;
; N/A                                     ; 44.84 MHz ( period = 22.300 ns )                    ; stablizer:stb1|counter[2]  ; stablizer:stb1|counter[0]  ; clk        ; clk      ; None                        ; None                      ; 18.300 ns               ;
; N/A                                     ; 44.84 MHz ( period = 22.300 ns )                    ; stablizer:stb1|counter[1]  ; stablizer:stb1|counter[0]  ; clk        ; clk      ; None                        ; None                      ; 18.300 ns               ;
; N/A                                     ; 44.84 MHz ( period = 22.300 ns )                    ; stablizer:stb1|counter[9]  ; stablizer:stb1|counter[1]  ; clk        ; clk      ; None                        ; None                      ; 18.300 ns               ;
; N/A                                     ; 44.84 MHz ( period = 22.300 ns )                    ; stablizer:stb1|counter[10] ; stablizer:stb1|counter[1]  ; clk        ; clk      ; None                        ; None                      ; 18.300 ns               ;
; N/A                                     ; 44.84 MHz ( period = 22.300 ns )                    ; stablizer:stb1|counter[2]  ; stablizer:stb1|counter[11] ; clk        ; clk      ; None                        ; None                      ; 18.300 ns               ;
; N/A                                     ; 44.84 MHz ( period = 22.300 ns )                    ; stablizer:stb1|counter[1]  ; stablizer:stb1|counter[11] ; clk        ; clk      ; None                        ; None                      ; 18.300 ns               ;
; N/A                                     ; 44.84 MHz ( period = 22.300 ns )                    ; stablizer:stb1|counter[2]  ; stablizer:stb1|counter[12] ; clk        ; clk      ; None                        ; None                      ; 18.300 ns               ;
; N/A                                     ; 44.84 MHz ( period = 22.300 ns )                    ; stablizer:stb1|counter[1]  ; stablizer:stb1|counter[12] ; clk        ; clk      ; None                        ; None                      ; 18.300 ns               ;
; N/A                                     ; 44.84 MHz ( period = 22.300 ns )                    ; stablizer:stb1|counter[2]  ; stablizer:stb1|counter[13] ; clk        ; clk      ; None                        ; None                      ; 18.300 ns               ;
; N/A                                     ; 44.84 MHz ( period = 22.300 ns )                    ; stablizer:stb1|counter[1]  ; stablizer:stb1|counter[13] ; clk        ; clk      ; None                        ; None                      ; 18.300 ns               ;
; N/A                                     ; 45.05 MHz ( period = 22.200 ns )                    ; stablizer:stb1|counter[5]  ; stablizer:stb1|counter[4]  ; clk        ; clk      ; None                        ; None                      ; 18.200 ns               ;
; N/A                                     ; 45.05 MHz ( period = 22.200 ns )                    ; stablizer:stb1|counter[6]  ; stablizer:stb1|counter[4]  ; clk        ; clk      ; None                        ; None                      ; 18.200 ns               ;
; N/A                                     ; 45.05 MHz ( period = 22.200 ns )                    ; stablizer:stb1|counter[7]  ; stablizer:stb1|counter[4]  ; clk        ; clk      ; None                        ; None                      ; 18.200 ns               ;
; N/A                                     ; 45.05 MHz ( period = 22.200 ns )                    ; stablizer:stb1|counter[12] ; stablizer:stb1|counter[4]  ; clk        ; clk      ; None                        ; None                      ; 18.200 ns               ;
; N/A                                     ; 45.05 MHz ( period = 22.200 ns )                    ; stablizer:stb1|counter[5]  ; stablizer:stb1|counter[3]  ; clk        ; clk      ; None                        ; None                      ; 18.200 ns               ;
; N/A                                     ; 45.05 MHz ( period = 22.200 ns )                    ; stablizer:stb1|counter[6]  ; stablizer:stb1|counter[3]  ; clk        ; clk      ; None                        ; None                      ; 18.200 ns               ;
; N/A                                     ; 45.05 MHz ( period = 22.200 ns )                    ; stablizer:stb1|counter[7]  ; stablizer:stb1|counter[3]  ; clk        ; clk      ; None                        ; None                      ; 18.200 ns               ;
; N/A                                     ; 45.05 MHz ( period = 22.200 ns )                    ; stablizer:stb1|counter[12] ; stablizer:stb1|counter[3]  ; clk        ; clk      ; None                        ; None                      ; 18.200 ns               ;
; N/A                                     ; 45.05 MHz ( period = 22.200 ns )                    ; stablizer:stb1|counter[5]  ; stablizer:stb1|counter[0]  ; clk        ; clk      ; None                        ; None                      ; 18.200 ns               ;
; N/A                                     ; 45.05 MHz ( period = 22.200 ns )                    ; stablizer:stb1|counter[6]  ; stablizer:stb1|counter[0]  ; clk        ; clk      ; None                        ; None                      ; 18.200 ns               ;
; N/A                                     ; 45.05 MHz ( period = 22.200 ns )                    ; stablizer:stb1|counter[7]  ; stablizer:stb1|counter[0]  ; clk        ; clk      ; None                        ; None                      ; 18.200 ns               ;
; N/A                                     ; 45.05 MHz ( period = 22.200 ns )                    ; stablizer:stb1|counter[12] ; stablizer:stb1|counter[0]  ; clk        ; clk      ; None                        ; None                      ; 18.200 ns               ;
; N/A                                     ; 45.05 MHz ( period = 22.200 ns )                    ; stablizer:stb1|counter[5]  ; stablizer:stb1|counter[11] ; clk        ; clk      ; None                        ; None                      ; 18.200 ns               ;
; N/A                                     ; 45.05 MHz ( period = 22.200 ns )                    ; stablizer:stb1|counter[6]  ; stablizer:stb1|counter[11] ; clk        ; clk      ; None                        ; None                      ; 18.200 ns               ;
; N/A                                     ; 45.05 MHz ( period = 22.200 ns )                    ; stablizer:stb1|counter[7]  ; stablizer:stb1|counter[11] ; clk        ; clk      ; None                        ; None                      ; 18.200 ns               ;
; N/A                                     ; 45.05 MHz ( period = 22.200 ns )                    ; stablizer:stb1|counter[12] ; stablizer:stb1|counter[11] ; clk        ; clk      ; None                        ; None                      ; 18.200 ns               ;
; N/A                                     ; 45.05 MHz ( period = 22.200 ns )                    ; stablizer:stb1|counter[5]  ; stablizer:stb1|counter[12] ; clk        ; clk      ; None                        ; None                      ; 18.200 ns               ;
; N/A                                     ; 45.05 MHz ( period = 22.200 ns )                    ; stablizer:stb1|counter[6]  ; stablizer:stb1|counter[12] ; clk        ; clk      ; None                        ; None                      ; 18.200 ns               ;
; N/A                                     ; 45.05 MHz ( period = 22.200 ns )                    ; stablizer:stb1|counter[7]  ; stablizer:stb1|counter[12] ; clk        ; clk      ; None                        ; None                      ; 18.200 ns               ;
; N/A                                     ; 45.05 MHz ( period = 22.200 ns )                    ; stablizer:stb1|counter[12] ; stablizer:stb1|counter[12] ; clk        ; clk      ; None                        ; None                      ; 18.200 ns               ;
; N/A                                     ; 45.05 MHz ( period = 22.200 ns )                    ; stablizer:stb1|counter[5]  ; stablizer:stb1|counter[13] ; clk        ; clk      ; None                        ; None                      ; 18.200 ns               ;
; N/A                                     ; 45.05 MHz ( period = 22.200 ns )                    ; stablizer:stb1|counter[6]  ; stablizer:stb1|counter[13] ; clk        ; clk      ; None                        ; None                      ; 18.200 ns               ;
; N/A                                     ; 45.05 MHz ( period = 22.200 ns )                    ; stablizer:stb1|counter[7]  ; stablizer:stb1|counter[13] ; clk        ; clk      ; None                        ; None                      ; 18.200 ns               ;
; N/A                                     ; 45.05 MHz ( period = 22.200 ns )                    ; stablizer:stb1|counter[12] ; stablizer:stb1|counter[13] ; clk        ; clk      ; None                        ; None                      ; 18.200 ns               ;
; N/A                                     ; 45.25 MHz ( period = 22.100 ns )                    ; stablizer:stb1|counter[2]  ; stablizer:stb1|counter[2]  ; clk        ; clk      ; None                        ; None                      ; 18.100 ns               ;
; N/A                                     ; 45.25 MHz ( period = 22.100 ns )                    ; stablizer:stb1|counter[1]  ; stablizer:stb1|counter[2]  ; clk        ; clk      ; None                        ; None                      ; 18.100 ns               ;
; N/A                                     ; 45.25 MHz ( period = 22.100 ns )                    ; stablizer:stb1|counter[2]  ; stablizer:stb1|counter[1]  ; clk        ; clk      ; None                        ; None                      ; 18.100 ns               ;
; N/A                                     ; 45.25 MHz ( period = 22.100 ns )                    ; stablizer:stb1|counter[1]  ; stablizer:stb1|counter[1]  ; clk        ; clk      ; None                        ; None                      ; 18.100 ns               ;
; N/A                                     ; 45.45 MHz ( period = 22.000 ns )                    ; stablizer:stb1|counter[5]  ; stablizer:stb1|counter[2]  ; clk        ; clk      ; None                        ; None                      ; 18.000 ns               ;
; N/A                                     ; 45.45 MHz ( period = 22.000 ns )                    ; stablizer:stb1|counter[6]  ; stablizer:stb1|counter[2]  ; clk        ; clk      ; None                        ; None                      ; 18.000 ns               ;
; N/A                                     ; 45.45 MHz ( period = 22.000 ns )                    ; stablizer:stb1|counter[7]  ; stablizer:stb1|counter[2]  ; clk        ; clk      ; None                        ; None                      ; 18.000 ns               ;
; N/A                                     ; 45.45 MHz ( period = 22.000 ns )                    ; stablizer:stb1|counter[12] ; stablizer:stb1|counter[2]  ; clk        ; clk      ; None                        ; None                      ; 18.000 ns               ;
; N/A                                     ; 45.45 MHz ( period = 22.000 ns )                    ; stablizer:stb1|counter[5]  ; stablizer:stb1|counter[1]  ; clk        ; clk      ; None                        ; None                      ; 18.000 ns               ;
; N/A                                     ; 45.45 MHz ( period = 22.000 ns )                    ; stablizer:stb1|counter[6]  ; stablizer:stb1|counter[1]  ; clk        ; clk      ; None                        ; None                      ; 18.000 ns               ;
; N/A                                     ; 45.45 MHz ( period = 22.000 ns )                    ; stablizer:stb1|counter[7]  ; stablizer:stb1|counter[1]  ; clk        ; clk      ; None                        ; None                      ; 18.000 ns               ;
; N/A                                     ; 45.45 MHz ( period = 22.000 ns )                    ; stablizer:stb1|counter[12] ; stablizer:stb1|counter[1]  ; clk        ; clk      ; None                        ; None                      ; 18.000 ns               ;
; N/A                                     ; 45.66 MHz ( period = 21.900 ns )                    ; stablizer:stb1|counter[8]  ; stablizer:stb1|counter[4]  ; clk        ; clk      ; None                        ; None                      ; 17.900 ns               ;
; N/A                                     ; 45.66 MHz ( period = 21.900 ns )                    ; stablizer:stb1|counter[8]  ; stablizer:stb1|counter[3]  ; clk        ; clk      ; None                        ; None                      ; 17.900 ns               ;
; N/A                                     ; 45.66 MHz ( period = 21.900 ns )                    ; stablizer:stb1|counter[8]  ; stablizer:stb1|counter[0]  ; clk        ; clk      ; None                        ; None                      ; 17.900 ns               ;
; N/A                                     ; 45.66 MHz ( period = 21.900 ns )                    ; stablizer:stb1|counter[8]  ; stablizer:stb1|counter[11] ; clk        ; clk      ; None                        ; None                      ; 17.900 ns               ;
; N/A                                     ; 45.66 MHz ( period = 21.900 ns )                    ; stablizer:stb1|counter[8]  ; stablizer:stb1|counter[12] ; clk        ; clk      ; None                        ; None                      ; 17.900 ns               ;
; N/A                                     ; 45.66 MHz ( period = 21.900 ns )                    ; stablizer:stb1|counter[8]  ; stablizer:stb1|counter[13] ; clk        ; clk      ; None                        ; None                      ; 17.900 ns               ;
; N/A                                     ; 45.87 MHz ( period = 21.800 ns )                    ; stablizer:stb1|counter[0]  ; stablizer:stb1|counter[5]  ; clk        ; clk      ; None                        ; None                      ; 17.800 ns               ;
; N/A                                     ; 45.87 MHz ( period = 21.800 ns )                    ; stablizer:stb1|counter[0]  ; stablizer:stb1|counter[6]  ; clk        ; clk      ; None                        ; None                      ; 17.800 ns               ;
; N/A                                     ; 45.87 MHz ( period = 21.800 ns )                    ; stablizer:stb1|counter[0]  ; stablizer:stb1|counter[7]  ; clk        ; clk      ; None                        ; None                      ; 17.800 ns               ;
; N/A                                     ; 45.87 MHz ( period = 21.800 ns )                    ; stablizer:stb1|counter[0]  ; stablizer:stb1|counter[8]  ; clk        ; clk      ; None                        ; None                      ; 17.800 ns               ;
; N/A                                     ; 45.87 MHz ( period = 21.800 ns )                    ; stablizer:stb1|counter[0]  ; stablizer:stb1|counter[9]  ; clk        ; clk      ; None                        ; None                      ; 17.800 ns               ;
; N/A                                     ; 45.87 MHz ( period = 21.800 ns )                    ; stablizer:stb1|counter[0]  ; stablizer:stb1|counter[10] ; clk        ; clk      ; None                        ; None                      ; 17.800 ns               ;
; N/A                                     ; 46.08 MHz ( period = 21.700 ns )                    ; stablizer:stb1|counter[8]  ; stablizer:stb1|counter[2]  ; clk        ; clk      ; None                        ; None                      ; 17.700 ns               ;
; N/A                                     ; 46.08 MHz ( period = 21.700 ns )                    ; stablizer:stb1|counter[8]  ; stablizer:stb1|counter[1]  ; clk        ; clk      ; None                        ; None                      ; 17.700 ns               ;
; N/A                                     ; 46.51 MHz ( period = 21.500 ns )                    ; stablizer:stb1|counter[3]  ; stablizer:stb1|counter[5]  ; clk        ; clk      ; None                        ; None                      ; 17.500 ns               ;
; N/A                                     ; 46.51 MHz ( period = 21.500 ns )                    ; stablizer:stb1|counter[3]  ; stablizer:stb1|counter[6]  ; clk        ; clk      ; None                        ; None                      ; 17.500 ns               ;
; N/A                                     ; 46.51 MHz ( period = 21.500 ns )                    ; stablizer:stb1|counter[3]  ; stablizer:stb1|counter[7]  ; clk        ; clk      ; None                        ; None                      ; 17.500 ns               ;
; N/A                                     ; 46.51 MHz ( period = 21.500 ns )                    ; stablizer:stb1|counter[3]  ; stablizer:stb1|counter[8]  ; clk        ; clk      ; None                        ; None                      ; 17.500 ns               ;
; N/A                                     ; 46.51 MHz ( period = 21.500 ns )                    ; stablizer:stb1|counter[3]  ; stablizer:stb1|counter[9]  ; clk        ; clk      ; None                        ; None                      ; 17.500 ns               ;
; N/A                                     ; 46.51 MHz ( period = 21.500 ns )                    ; stablizer:stb1|counter[3]  ; stablizer:stb1|counter[10] ; clk        ; clk      ; None                        ; None                      ; 17.500 ns               ;
; N/A                                     ; 47.17 MHz ( period = 21.200 ns )                    ; stablizer:stb1|counter[14] ; stablizer:stb1|counter[5]  ; clk        ; clk      ; None                        ; None                      ; 17.200 ns               ;
; N/A                                     ; 47.17 MHz ( period = 21.200 ns )                    ; stablizer:stb1|counter[15] ; stablizer:stb1|counter[5]  ; clk        ; clk      ; None                        ; None                      ; 17.200 ns               ;
; N/A                                     ; 47.17 MHz ( period = 21.200 ns )                    ; stablizer:stb1|counter[14] ; stablizer:stb1|counter[6]  ; clk        ; clk      ; None                        ; None                      ; 17.200 ns               ;
; N/A                                     ; 47.17 MHz ( period = 21.200 ns )                    ; stablizer:stb1|counter[15] ; stablizer:stb1|counter[6]  ; clk        ; clk      ; None                        ; None                      ; 17.200 ns               ;
; N/A                                     ; 47.17 MHz ( period = 21.200 ns )                    ; stablizer:stb1|counter[14] ; stablizer:stb1|counter[7]  ; clk        ; clk      ; None                        ; None                      ; 17.200 ns               ;
; N/A                                     ; 47.17 MHz ( period = 21.200 ns )                    ; stablizer:stb1|counter[15] ; stablizer:stb1|counter[7]  ; clk        ; clk      ; None                        ; None                      ; 17.200 ns               ;
; N/A                                     ; 47.17 MHz ( period = 21.200 ns )                    ; stablizer:stb1|counter[14] ; stablizer:stb1|counter[8]  ; clk        ; clk      ; None                        ; None                      ; 17.200 ns               ;
; N/A                                     ; 47.17 MHz ( period = 21.200 ns )                    ; stablizer:stb1|counter[15] ; stablizer:stb1|counter[8]  ; clk        ; clk      ; None                        ; None                      ; 17.200 ns               ;
; N/A                                     ; 47.17 MHz ( period = 21.200 ns )                    ; stablizer:stb1|counter[14] ; stablizer:stb1|counter[9]  ; clk        ; clk      ; None                        ; None                      ; 17.200 ns               ;
; N/A                                     ; 47.17 MHz ( period = 21.200 ns )                    ; stablizer:stb1|counter[15] ; stablizer:stb1|counter[9]  ; clk        ; clk      ; None                        ; None                      ; 17.200 ns               ;
; N/A                                     ; 47.17 MHz ( period = 21.200 ns )                    ; stablizer:stb1|counter[14] ; stablizer:stb1|counter[10] ; clk        ; clk      ; None                        ; None                      ; 17.200 ns               ;
; N/A                                     ; 47.17 MHz ( period = 21.200 ns )                    ; stablizer:stb1|counter[15] ; stablizer:stb1|counter[10] ; clk        ; clk      ; None                        ; None                      ; 17.200 ns               ;
; N/A                                     ; 47.39 MHz ( period = 21.100 ns )                    ; stablizer:stb1|counter[13] ; stablizer:stb1|counter[5]  ; clk        ; clk      ; None                        ; None                      ; 17.100 ns               ;
; N/A                                     ; 47.39 MHz ( period = 21.100 ns )                    ; stablizer:stb1|counter[13] ; stablizer:stb1|counter[6]  ; clk        ; clk      ; None                        ; None                      ; 17.100 ns               ;
; N/A                                     ; 47.39 MHz ( period = 21.100 ns )                    ; stablizer:stb1|counter[13] ; stablizer:stb1|counter[7]  ; clk        ; clk      ; None                        ; None                      ; 17.100 ns               ;
; N/A                                     ; 47.39 MHz ( period = 21.100 ns )                    ; stablizer:stb1|counter[13] ; stablizer:stb1|counter[8]  ; clk        ; clk      ; None                        ; None                      ; 17.100 ns               ;
; N/A                                     ; 47.39 MHz ( period = 21.100 ns )                    ; stablizer:stb1|counter[13] ; stablizer:stb1|counter[9]  ; clk        ; clk      ; None                        ; None                      ; 17.100 ns               ;
; N/A                                     ; 47.39 MHz ( period = 21.100 ns )                    ; stablizer:stb1|counter[13] ; stablizer:stb1|counter[10] ; clk        ; clk      ; None                        ; None                      ; 17.100 ns               ;
; N/A                                     ; 47.85 MHz ( period = 20.900 ns )                    ; stablizer:stb1|counter[16] ; stablizer:stb1|counter[5]  ; clk        ; clk      ; None                        ; None                      ; 16.900 ns               ;
; N/A                                     ; 47.85 MHz ( period = 20.900 ns )                    ; stablizer:stb1|counter[16] ; stablizer:stb1|counter[6]  ; clk        ; clk      ; None                        ; None                      ; 16.900 ns               ;
; N/A                                     ; 47.85 MHz ( period = 20.900 ns )                    ; stablizer:stb1|counter[16] ; stablizer:stb1|counter[7]  ; clk        ; clk      ; None                        ; None                      ; 16.900 ns               ;
; N/A                                     ; 47.85 MHz ( period = 20.900 ns )                    ; stablizer:stb1|counter[16] ; stablizer:stb1|counter[8]  ; clk        ; clk      ; None                        ; None                      ; 16.900 ns               ;
; N/A                                     ; 47.85 MHz ( period = 20.900 ns )                    ; stablizer:stb1|counter[16] ; stablizer:stb1|counter[9]  ; clk        ; clk      ; None                        ; None                      ; 16.900 ns               ;
; N/A                                     ; 47.85 MHz ( period = 20.900 ns )                    ; stablizer:stb1|counter[16] ; stablizer:stb1|counter[10] ; clk        ; clk      ; None                        ; None                      ; 16.900 ns               ;
; N/A                                     ; 48.78 MHz ( period = 20.500 ns )                    ; stablizer:stb1|counter[0]  ; stablizer:stb1|counter[16] ; clk        ; clk      ; None                        ; None                      ; 16.500 ns               ;
; N/A                                     ; 49.50 MHz ( period = 20.200 ns )                    ; stablizer:stb1|counter[0]  ; stablizer:stb1|counter[15] ; clk        ; clk      ; None                        ; None                      ; 16.200 ns               ;
; N/A                                     ; 50.00 MHz ( period = 20.000 ns )                    ; stablizer:stb1|counter[0]  ; stablizer:stb1|counter[14] ; clk        ; clk      ; None                        ; None                      ; 16.000 ns               ;
; N/A                                     ; 50.25 MHz ( period = 19.900 ns )                    ; stablizer:stb1|counter[11] ; stablizer:stb1|counter[5]  ; clk        ; clk      ; None                        ; None                      ; 15.900 ns               ;
; N/A                                     ; 50.25 MHz ( period = 19.900 ns )                    ; stablizer:stb1|counter[11] ; stablizer:stb1|counter[6]  ; clk        ; clk      ; None                        ; None                      ; 15.900 ns               ;
; N/A                                     ; 50.25 MHz ( period = 19.900 ns )                    ; stablizer:stb1|counter[11] ; stablizer:stb1|counter[7]  ; clk        ; clk      ; None                        ; None                      ; 15.900 ns               ;
; N/A                                     ; 50.25 MHz ( period = 19.900 ns )                    ; stablizer:stb1|counter[11] ; stablizer:stb1|counter[8]  ; clk        ; clk      ; None                        ; None                      ; 15.900 ns               ;
; N/A                                     ; 50.25 MHz ( period = 19.900 ns )                    ; stablizer:stb1|counter[11] ; stablizer:stb1|counter[9]  ; clk        ; clk      ; None                        ; None                      ; 15.900 ns               ;
; N/A                                     ; 50.25 MHz ( period = 19.900 ns )                    ; stablizer:stb1|counter[11] ; stablizer:stb1|counter[10] ; clk        ; clk      ; None                        ; None                      ; 15.900 ns               ;
; N/A                                     ; 50.51 MHz ( period = 19.800 ns )                    ; stablizer:stb1|counter[9]  ; stablizer:stb1|counter[5]  ; clk        ; clk      ; None                        ; None                      ; 15.800 ns               ;
; N/A                                     ; 50.51 MHz ( period = 19.800 ns )                    ; stablizer:stb1|counter[10] ; stablizer:stb1|counter[5]  ; clk        ; clk      ; None                        ; None                      ; 15.800 ns               ;
; N/A                                     ; 50.51 MHz ( period = 19.800 ns )                    ; stablizer:stb1|counter[9]  ; stablizer:stb1|counter[6]  ; clk        ; clk      ; None                        ; None                      ; 15.800 ns               ;
; N/A                                     ; 50.51 MHz ( period = 19.800 ns )                    ; stablizer:stb1|counter[10] ; stablizer:stb1|counter[6]  ; clk        ; clk      ; None                        ; None                      ; 15.800 ns               ;
; N/A                                     ; 50.51 MHz ( period = 19.800 ns )                    ; stablizer:stb1|counter[9]  ; stablizer:stb1|counter[7]  ; clk        ; clk      ; None                        ; None                      ; 15.800 ns               ;
; N/A                                     ; 50.51 MHz ( period = 19.800 ns )                    ; stablizer:stb1|counter[10] ; stablizer:stb1|counter[7]  ; clk        ; clk      ; None                        ; None                      ; 15.800 ns               ;
; N/A                                     ; 50.51 MHz ( period = 19.800 ns )                    ; stablizer:stb1|counter[9]  ; stablizer:stb1|counter[8]  ; clk        ; clk      ; None                        ; None                      ; 15.800 ns               ;
; N/A                                     ; 50.51 MHz ( period = 19.800 ns )                    ; stablizer:stb1|counter[10] ; stablizer:stb1|counter[8]  ; clk        ; clk      ; None                        ; None                      ; 15.800 ns               ;
; N/A                                     ; 50.51 MHz ( period = 19.800 ns )                    ; stablizer:stb1|counter[9]  ; stablizer:stb1|counter[9]  ; clk        ; clk      ; None                        ; None                      ; 15.800 ns               ;
; N/A                                     ; 50.51 MHz ( period = 19.800 ns )                    ; stablizer:stb1|counter[10] ; stablizer:stb1|counter[9]  ; clk        ; clk      ; None                        ; None                      ; 15.800 ns               ;
; N/A                                     ; 50.51 MHz ( period = 19.800 ns )                    ; stablizer:stb1|counter[9]  ; stablizer:stb1|counter[10] ; clk        ; clk      ; None                        ; None                      ; 15.800 ns               ;
; N/A                                     ; 50.51 MHz ( period = 19.800 ns )                    ; stablizer:stb1|counter[10] ; stablizer:stb1|counter[10] ; clk        ; clk      ; None                        ; None                      ; 15.800 ns               ;
; N/A                                     ; 50.76 MHz ( period = 19.700 ns )                    ; stablizer:stb1|counter[3]  ; stablizer:stb1|counter[14] ; clk        ; clk      ; None                        ; None                      ; 15.700 ns               ;
; N/A                                     ; 50.76 MHz ( period = 19.700 ns )                    ; stablizer:stb1|counter[3]  ; stablizer:stb1|counter[15] ; clk        ; clk      ; None                        ; None                      ; 15.700 ns               ;
; N/A                                     ; 50.76 MHz ( period = 19.700 ns )                    ; stablizer:stb1|counter[3]  ; stablizer:stb1|counter[16] ; clk        ; clk      ; None                        ; None                      ; 15.700 ns               ;
; N/A                                     ; 51.02 MHz ( period = 19.600 ns )                    ; stablizer:stb1|counter[2]  ; stablizer:stb1|counter[5]  ; clk        ; clk      ; None                        ; None                      ; 15.600 ns               ;
; N/A                                     ; 51.02 MHz ( period = 19.600 ns )                    ; stablizer:stb1|counter[1]  ; stablizer:stb1|counter[5]  ; clk        ; clk      ; None                        ; None                      ; 15.600 ns               ;
; N/A                                     ; 51.02 MHz ( period = 19.600 ns )                    ; stablizer:stb1|counter[2]  ; stablizer:stb1|counter[6]  ; clk        ; clk      ; None                        ; None                      ; 15.600 ns               ;
; N/A                                     ; 51.02 MHz ( period = 19.600 ns )                    ; stablizer:stb1|counter[1]  ; stablizer:stb1|counter[6]  ; clk        ; clk      ; None                        ; None                      ; 15.600 ns               ;
; N/A                                     ; 51.02 MHz ( period = 19.600 ns )                    ; stablizer:stb1|counter[2]  ; stablizer:stb1|counter[7]  ; clk        ; clk      ; None                        ; None                      ; 15.600 ns               ;
; N/A                                     ; 51.02 MHz ( period = 19.600 ns )                    ; stablizer:stb1|counter[1]  ; stablizer:stb1|counter[7]  ; clk        ; clk      ; None                        ; None                      ; 15.600 ns               ;
; N/A                                     ; 51.02 MHz ( period = 19.600 ns )                    ; stablizer:stb1|counter[2]  ; stablizer:stb1|counter[8]  ; clk        ; clk      ; None                        ; None                      ; 15.600 ns               ;
; N/A                                     ; 51.02 MHz ( period = 19.600 ns )                    ; stablizer:stb1|counter[1]  ; stablizer:stb1|counter[8]  ; clk        ; clk      ; None                        ; None                      ; 15.600 ns               ;
; N/A                                     ; 51.02 MHz ( period = 19.600 ns )                    ; stablizer:stb1|counter[2]  ; stablizer:stb1|counter[9]  ; clk        ; clk      ; None                        ; None                      ; 15.600 ns               ;
; N/A                                     ; 51.02 MHz ( period = 19.600 ns )                    ; stablizer:stb1|counter[1]  ; stablizer:stb1|counter[9]  ; clk        ; clk      ; None                        ; None                      ; 15.600 ns               ;
; N/A                                     ; 51.02 MHz ( period = 19.600 ns )                    ; stablizer:stb1|counter[2]  ; stablizer:stb1|counter[10] ; clk        ; clk      ; None                        ; None                      ; 15.600 ns               ;
; N/A                                     ; 51.02 MHz ( period = 19.600 ns )                    ; stablizer:stb1|counter[1]  ; stablizer:stb1|counter[10] ; clk        ; clk      ; None                        ; None                      ; 15.600 ns               ;
; Timing analysis restricted to 200 rows. ; To change the limit use Settings (Assignments menu) ;                            ;                            ;            ;          ;                             ;                           ;                         ;
+-----------------------------------------+-----------------------------------------------------+----------------------------+----------------------------+------------+----------+-----------------------------+---------------------------+-------------------------+


+-----------------------------------------------------------------------------------+
; tsu                                                                               ;
+-------+--------------+------------+-------+----------------------------+----------+
; Slack ; Required tsu ; Actual tsu ; From  ; To                         ; To Clock ;
+-------+--------------+------------+-------+----------------------------+----------+
; N/A   ; None         ; 12.100 ns  ; pause ; stablizer:stb1|counter[4]  ; clk      ;
; N/A   ; None         ; 12.100 ns  ; pause ; stablizer:stb1|counter[3]  ; clk      ;
; N/A   ; None         ; 12.100 ns  ; pause ; stablizer:stb1|counter[0]  ; clk      ;
; N/A   ; None         ; 12.100 ns  ; pause ; stablizer:stb1|counter[11] ; clk      ;
; N/A   ; None         ; 12.100 ns  ; pause ; stablizer:stb1|counter[12] ; clk      ;
; N/A   ; None         ; 12.100 ns  ; pause ; stablizer:stb1|counter[13] ; clk      ;
; N/A   ; None         ; 11.900 ns  ; pause ; stablizer:stb1|counter[2]  ; clk      ;
; N/A   ; None         ; 11.900 ns  ; pause ; stablizer:stb1|counter[1]  ; clk      ;
; N/A   ; None         ; 9.400 ns   ; pause ; stablizer:stb1|counter[5]  ; clk      ;
; N/A   ; None         ; 9.400 ns   ; pause ; stablizer:stb1|counter[6]  ; clk      ;
; N/A   ; None         ; 9.400 ns   ; pause ; stablizer:stb1|counter[7]  ; clk      ;
; N/A   ; None         ; 9.400 ns   ; pause ; stablizer:stb1|counter[8]  ; clk      ;
; N/A   ; None         ; 9.400 ns   ; pause ; stablizer:stb1|counter[9]  ; clk      ;
; N/A   ; None         ; 9.400 ns   ; pause ; stablizer:stb1|counter[10] ; clk      ;
; N/A   ; None         ; 7.500 ns   ; pause ; stablizer:stb1|counter[14] ; clk      ;
; N/A   ; None         ; 7.500 ns   ; pause ; stablizer:stb1|counter[15] ; clk      ;
; N/A   ; None         ; 7.500 ns   ; pause ; stablizer:stb1|counter[16] ; clk      ;
+-------+--------------+------------+-------+----------------------------+----------+


+-----------------------------------------------------------------------------------------+
; tco                                                                                     ;
+-------+--------------+------------+----------------------------+-----------+------------+
; Slack ; Required tco ; Actual tco ; From                       ; To        ; From Clock ;
+-------+--------------+------------+----------------------------+-----------+------------+
; N/A   ; None         ; 27.800 ns  ; stablizer:stb1|counter[2]  ; pause_sta ; clk        ;
; N/A   ; None         ; 27.600 ns  ; stablizer:stb1|counter[3]  ; pause_sta ; clk        ;
; N/A   ; None         ; 27.600 ns  ; stablizer:stb1|counter[0]  ; pause_sta ; clk        ;
; N/A   ; None         ; 27.500 ns  ; stablizer:stb1|counter[1]  ; pause_sta ; clk        ;
; N/A   ; None         ; 26.000 ns  ; stablizer:stb1|counter[14] ; pause_sta ; clk        ;
; N/A   ; None         ; 26.000 ns  ; stablizer:stb1|counter[15] ; pause_sta ; clk        ;
; N/A   ; None         ; 25.900 ns  ; stablizer:stb1|counter[13] ; pause_sta ; clk        ;
; N/A   ; None         ; 25.700 ns  ; stablizer:stb1|counter[16] ; pause_sta ; clk        ;
; N/A   ; None         ; 24.700 ns  ; stablizer:stb1|counter[11] ; pause_sta ; clk        ;
; N/A   ; None         ; 24.600 ns  ; stablizer:stb1|counter[9]  ; pause_sta ; clk        ;
; N/A   ; None         ; 24.600 ns  ; stablizer:stb1|counter[10] ; pause_sta ; clk        ;
; N/A   ; None         ; 24.300 ns  ; stablizer:stb1|counter[5]  ; pause_sta ; clk        ;
; N/A   ; None         ; 24.300 ns  ; stablizer:stb1|counter[6]  ; pause_sta ; clk        ;
; N/A   ; None         ; 24.300 ns  ; stablizer:stb1|counter[7]  ; pause_sta ; clk        ;
; N/A   ; None         ; 24.300 ns  ; stablizer:stb1|counter[12] ; pause_sta ; clk        ;
; N/A   ; None         ; 24.000 ns  ; stablizer:stb1|counter[8]  ; pause_sta ; clk        ;
; N/A   ; None         ; 21.500 ns  ; stablizer:stb1|counter[4]  ; pause_sta ; clk        ;
+-------+--------------+------------+----------------------------+-----------+------------+


+-----------------------------------------------------------------------------------------+
; th                                                                                      ;
+---------------+-------------+-----------+-------+----------------------------+----------+
; Minimum Slack ; Required th ; Actual th ; From  ; To                         ; To Clock ;
+---------------+-------------+-----------+-------+----------------------------+----------+
; N/A           ; None        ; -1.200 ns ; pause ; stablizer:stb1|counter[2]  ; clk      ;
; N/A           ; None        ; -1.200 ns ; pause ; stablizer:stb1|counter[0]  ; clk      ;
; N/A           ; None        ; -1.200 ns ; pause ; stablizer:stb1|counter[1]  ; clk      ;
; N/A           ; None        ; -1.300 ns ; pause ; stablizer:stb1|counter[5]  ; clk      ;
; N/A           ; None        ; -1.300 ns ; pause ; stablizer:stb1|counter[6]  ; clk      ;
; N/A           ; None        ; -1.300 ns ; pause ; stablizer:stb1|counter[7]  ; clk      ;
; N/A           ; None        ; -1.300 ns ; pause ; stablizer:stb1|counter[8]  ; clk      ;
; N/A           ; None        ; -1.300 ns ; pause ; stablizer:stb1|counter[9]  ; clk      ;
; N/A           ; None        ; -1.300 ns ; pause ; stablizer:stb1|counter[10] ; clk      ;
; N/A           ; None        ; -1.500 ns ; pause ; stablizer:stb1|counter[4]  ; clk      ;
; N/A           ; None        ; -1.500 ns ; pause ; stablizer:stb1|counter[3]  ; clk      ;
; N/A           ; None        ; -1.500 ns ; pause ; stablizer:stb1|counter[11] ; clk      ;
; N/A           ; None        ; -1.600 ns ; pause ; stablizer:stb1|counter[12] ; clk      ;
; N/A           ; None        ; -1.600 ns ; pause ; stablizer:stb1|counter[13] ; clk      ;
; N/A           ; None        ; -1.800 ns ; pause ; stablizer:stb1|counter[14] ; clk      ;
; N/A           ; None        ; -1.800 ns ; pause ; stablizer:stb1|counter[15] ; clk      ;
; N/A           ; None        ; -1.800 ns ; pause ; stablizer:stb1|counter[16] ; clk      ;
+---------------+-------------+-----------+-------+----------------------------+----------+


+--------------------------+
; Timing Analyzer Messages ;
+--------------------------+
Info: *******************************************************************
Info: Running Quartus II Classic Timing Analyzer
    Info: Version 8.0 Build 215 05/29/2008 SJ Full Version
    Info: Processing started: Wed Nov 14 00:58:30 2018
Info: Command: quartus_tan --read_settings_files=off --write_settings_files=off ass -c ass
Info: Started post-fitting delay annotation
Info: Delay annotation completed successfully
Warning: Found pins functioning as undefined clocks and/or memory enables
    Info: Assuming node "clk" is an undefined clock
Info: Clock "clk" has Internal fmax of 40.82 MHz between source register "stablizer:stb1|counter[0]" and destination register "stablizer:stb1|counter[4]" (period= 24.5 ns)
    Info: + Longest register to register delay is 20.500 ns
        Info: 1: + IC(0.000 ns) + CELL(0.000 ns) = 0.000 ns; Loc. = LC5_I6; Fanout = 7; REG Node = 'stablizer:stb1|counter[0]'
        Info: 2: + IC(2.700 ns) + CELL(2.700 ns) = 5.400 ns; Loc. = LC1_I3; Fanout = 1; COMB Node = 'stablizer:stb1|LessThan0~184'
        Info: 3: + IC(2.700 ns) + CELL(2.700 ns) = 10.800 ns; Loc. = LC1_I2; Fanout = 4; COMB Node = 'stablizer:stb1|LessThan0~186'
        Info: 4: + IC(2.900 ns) + CELL(2.400 ns) = 16.100 ns; Loc. = LC1_I4; Fanout = 14; COMB Node = 'stablizer:stb1|counter~956'
        Info: 5: + IC(3.200 ns) + CELL(1.200 ns) = 20.500 ns; Loc. = LC3_I6; Fanout = 6; REG Node = 'stablizer:stb1|counter[4]'
        Info: Total cell delay = 9.000 ns ( 43.90 % )
        Info: Total interconnect delay = 11.500 ns ( 56.10 % )
    Info: - Smallest clock skew is 0.000 ns
        Info: + Shortest clock path from clock "clk" to destination register is 7.000 ns
            Info: 1: + IC(0.000 ns) + CELL(2.900 ns) = 2.900 ns; Loc. = PIN_91; Fanout = 17; CLK Node = 'clk'
            Info: 2: + IC(4.100 ns) + CELL(0.000 ns) = 7.000 ns; Loc. = LC3_I6; Fanout = 6; REG Node = 'stablizer:stb1|counter[4]'
            Info: Total cell delay = 2.900 ns ( 41.43 % )
            Info: Total interconnect delay = 4.100 ns ( 58.57 % )
        Info: - Longest clock path from clock "clk" to source register is 7.000 ns
            Info: 1: + IC(0.000 ns) + CELL(2.900 ns) = 2.900 ns; Loc. = PIN_91; Fanout = 17; CLK Node = 'clk'
            Info: 2: + IC(4.100 ns) + CELL(0.000 ns) = 7.000 ns; Loc. = LC5_I6; Fanout = 7; REG Node = 'stablizer:stb1|counter[0]'
            Info: Total cell delay = 2.900 ns ( 41.43 % )
            Info: Total interconnect delay = 4.100 ns ( 58.57 % )
    Info: + Micro clock to output delay of source is 1.400 ns
    Info: + Micro setup delay of destination is 2.600 ns
Info: tsu for register "stablizer:stb1|counter[4]" (data pin = "pause", clock pin = "clk") is 12.100 ns
    Info: + Longest pin to register delay is 16.500 ns
        Info: 1: + IC(0.000 ns) + CELL(2.900 ns) = 2.900 ns; Loc. = PIN_212; Fanout = 18; PIN Node = 'pause'
        Info: 2: + IC(6.500 ns) + CELL(2.700 ns) = 12.100 ns; Loc. = LC1_I4; Fanout = 14; COMB Node = 'stablizer:stb1|counter~956'
        Info: 3: + IC(3.200 ns) + CELL(1.200 ns) = 16.500 ns; Loc. = LC3_I6; Fanout = 6; REG Node = 'stablizer:stb1|counter[4]'
        Info: Total cell delay = 6.800 ns ( 41.21 % )
        Info: Total interconnect delay = 9.700 ns ( 58.79 % )
    Info: + Micro setup delay of destination is 2.600 ns
    Info: - Shortest clock path from clock "clk" to destination register is 7.000 ns
        Info: 1: + IC(0.000 ns) + CELL(2.900 ns) = 2.900 ns; Loc. = PIN_91; Fanout = 17; CLK Node = 'clk'
        Info: 2: + IC(4.100 ns) + CELL(0.000 ns) = 7.000 ns; Loc. = LC3_I6; Fanout = 6; REG Node = 'stablizer:stb1|counter[4]'
        Info: Total cell delay = 2.900 ns ( 41.43 % )
        Info: Total interconnect delay = 4.100 ns ( 58.57 % )
Info: tco from clock "clk" to destination pin "pause_sta" through register "stablizer:stb1|counter[2]" is 27.800 ns
    Info: + Longest clock path from clock "clk" to source register is 7.000 ns
        Info: 1: + IC(0.000 ns) + CELL(2.900 ns) = 2.900 ns; Loc. = PIN_91; Fanout = 17; CLK Node = 'clk'
        Info: 2: + IC(4.100 ns) + CELL(0.000 ns) = 7.000 ns; Loc. = LC3_I3; Fanout = 6; REG Node = 'stablizer:stb1|counter[2]'
        Info: Total cell delay = 2.900 ns ( 41.43 % )
        Info: Total interconnect delay = 4.100 ns ( 58.57 % )
    Info: + Micro clock to output delay of source is 1.400 ns
    Info: + Longest register to pin delay is 19.400 ns
        Info: 1: + IC(0.000 ns) + CELL(0.000 ns) = 0.000 ns; Loc. = LC3_I3; Fanout = 6; REG Node = 'stablizer:stb1|counter[2]'
        Info: 2: + IC(3.500 ns) + CELL(2.700 ns) = 6.200 ns; Loc. = LC2_I23; Fanout = 1; COMB Node = 'stablizer:stb1|LessThan1~83'
        Info: 3: + IC(3.100 ns) + CELL(2.700 ns) = 12.000 ns; Loc. = LC8_I2; Fanout = 1; COMB Node = 'stablizer:stb1|LessThan1~85'
        Info: 4: + IC(2.400 ns) + CELL(5.000 ns) = 19.400 ns; Loc. = PIN_126; Fanout = 0; PIN Node = 'pause_sta'
        Info: Total cell delay = 10.400 ns ( 53.61 % )
        Info: Total interconnect delay = 9.000 ns ( 46.39 % )
Info: th for register "stablizer:stb1|counter[2]" (data pin = "pause", clock pin = "clk") is -1.200 ns
    Info: + Longest clock path from clock "clk" to destination register is 7.000 ns
        Info: 1: + IC(0.000 ns) + CELL(2.900 ns) = 2.900 ns; Loc. = PIN_91; Fanout = 17; CLK Node = 'clk'
        Info: 2: + IC(4.100 ns) + CELL(0.000 ns) = 7.000 ns; Loc. = LC3_I3; Fanout = 6; REG Node = 'stablizer:stb1|counter[2]'
        Info: Total cell delay = 2.900 ns ( 41.43 % )
        Info: Total interconnect delay = 4.100 ns ( 58.57 % )
    Info: + Micro hold delay of destination is 3.100 ns
    Info: - Shortest pin to register delay is 11.300 ns
        Info: 1: + IC(0.000 ns) + CELL(2.900 ns) = 2.900 ns; Loc. = PIN_212; Fanout = 18; PIN Node = 'pause'
        Info: 2: + IC(6.400 ns) + CELL(2.000 ns) = 11.300 ns; Loc. = LC3_I3; Fanout = 6; REG Node = 'stablizer:stb1|counter[2]'
        Info: Total cell delay = 4.900 ns ( 43.36 % )
        Info: Total interconnect delay = 6.400 ns ( 56.64 % )
Info: Quartus II Classic Timing Analyzer was successful. 0 errors, 1 warning
    Info: Peak virtual memory: 214 megabytes
    Info: Processing ended: Wed Nov 14 00:58:30 2018
    Info: Elapsed time: 00:00:00
    Info: Total CPU time (on all processors): 00:00:00


